Jan 31 10:20:22 cu-cs-vm rsyslogd: [origin software="rsyslogd" swVersion="8.16.0" x-pid="747" x-info="http://www.rsyslog.com"] rsyslogd was HUPed
Jan 31 10:20:30 cu-cs-vm anacron[782]: Job `cron.daily' terminated
Jan 31 10:20:30 cu-cs-vm anacron[782]: Normal exit (1 job run)
Jan 31 10:25:22 cu-cs-vm uptimed: moving up to position 8: 0 days, 00:10:09
Jan 31 10:27:44 cu-cs-vm dhclient[949]: DHCPREQUEST of 192.168.89.132 on ens33 to 192.168.89.254 port 67 (xid=0x62251dde)
Jan 31 10:27:44 cu-cs-vm dhclient[949]: DHCPACK of 192.168.89.132 from 192.168.89.254
Jan 31 10:27:44 cu-cs-vm NetworkManager[797]: <info>  [1580491664.8427]   address 192.168.89.132
Jan 31 10:27:44 cu-cs-vm NetworkManager[797]: <info>  [1580491664.8428]   plen 24 (255.255.255.0)
Jan 31 10:27:44 cu-cs-vm NetworkManager[797]: <info>  [1580491664.8429]   gateway 192.168.89.2
Jan 31 10:27:44 cu-cs-vm NetworkManager[797]: <info>  [1580491664.8429]   server identifier 192.168.89.254
Jan 31 10:27:44 cu-cs-vm NetworkManager[797]: <info>  [1580491664.8429]   lease time 1800
Jan 31 10:27:44 cu-cs-vm NetworkManager[797]: <info>  [1580491664.8429]   nameserver '192.168.89.2'
Jan 31 10:27:44 cu-cs-vm NetworkManager[797]: <info>  [1580491664.8429]   domain name 'localdomain'
Jan 31 10:27:44 cu-cs-vm NetworkManager[797]: <info>  [1580491664.8429]   wins '192.168.89.2'
Jan 31 10:27:44 cu-cs-vm NetworkManager[797]: <info>  [1580491664.8429] dhcp4 (ens33): state changed bound -> bound
Jan 31 10:27:44 cu-cs-vm dbus[764]: [system] Activating via systemd: service name='org.freedesktop.nm_dispatcher' unit='dbus-org.freedesktop.nm-dispatcher.service'
Jan 31 10:27:44 cu-cs-vm systemd[1]: Starting Network Manager Script Dispatcher Service...
Jan 31 10:27:44 cu-cs-vm dhclient[949]: bound to 192.168.89.132 -- renewal in 694 seconds.
Jan 31 10:27:44 cu-cs-vm dbus[764]: [system] Successfully activated service 'org.freedesktop.nm_dispatcher'
Jan 31 10:27:44 cu-cs-vm systemd[1]: Started Network Manager Script Dispatcher Service.
Jan 31 10:27:44 cu-cs-vm nm-dispatcher: req:1 'dhcp4-change' [ens33]: new request (1 scripts)
Jan 31 10:27:44 cu-cs-vm nm-dispatcher: req:1 'dhcp4-change' [ens33]: start running ordered scripts...
Jan 31 10:31:45 cu-cs-vm rsyslogd: [origin software="rsyslogd" swVersion="8.16.0" x-pid="798" x-info="http://www.rsyslog.com"] start
Jan 31 10:31:45 cu-cs-vm rsyslogd-2222: command 'KLogPermitNonKernelFacility' is currently not permitted - did you already set it via a RainerScript command (v6+ config)? [v8.16.0 try http://www.rsyslog.com/e/2222 ]
Jan 31 10:31:45 cu-cs-vm rsyslogd: rsyslogd's groupid changed to 108
Jan 31 10:31:45 cu-cs-vm rsyslogd: rsyslogd's userid changed to 104
Jan 31 10:31:45 cu-cs-vm systemd[1]: Started udev Kernel Device Manager.
Jan 31 10:31:45 cu-cs-vm systemd[1]: Starting Remount Root and Kernel File Systems...
Jan 31 10:31:45 cu-cs-vm systemd-modules-load[323]: Inserted module 'lp'
Jan 31 10:31:45 cu-cs-vm systemd[1]: Mounted Debug File System.
Jan 31 10:31:45 cu-cs-vm systemd[1]: Mounted Huge Pages File System.
Jan 31 10:31:45 cu-cs-vm systemd[1]: Mounted POSIX Message Queue File System.
Jan 31 10:31:45 cu-cs-vm systemd[1]: Started Remount Root and Kernel File Systems.
Jan 31 10:31:45 cu-cs-vm systemd-modules-load[323]: Inserted module 'ppdev'
Jan 31 10:31:45 cu-cs-vm systemd[1]: Starting udev Coldplug all Devices...
Jan 31 10:31:45 cu-cs-vm systemd[1]: Starting Flush Journal to Persistent Storage...
Jan 31 10:31:45 cu-cs-vm systemd[1]: Starting Load/Save Random Seed...
Jan 31 10:31:45 cu-cs-vm systemd-modules-load[323]: Inserted module 'parport_pc'
Jan 31 10:31:45 cu-cs-vm systemd[1]: Started Nameserver information manager.
Jan 31 10:31:45 cu-cs-vm systemd[1]: Reached target Network (Pre).
Jan 31 10:31:45 cu-cs-vm systemd[1]: Started Load/Save Random Seed.
Jan 31 10:31:45 cu-cs-vm systemd[1]: Started Flush Journal to Persistent Storage.
Jan 31 10:31:45 cu-cs-vm systemd[1]: Started udev Coldplug all Devices.
Jan 31 10:31:45 cu-cs-vm systemd-modules-load[323]: Module 'fuse' is builtin
Jan 31 10:31:45 cu-cs-vm systemd[1]: Started Load Kernel Modules.
Jan 31 10:31:45 cu-cs-vm systemd[1]: Mounting Configuration File System...
Jan 31 10:31:45 cu-cs-vm systemd[1]: Starting Apply Kernel Variables...
Jan 31 10:31:45 cu-cs-vm systemd[1]: Mounting FUSE Control File System...
Jan 31 10:31:45 cu-cs-vm systemd[1]: Mounted Configuration File System.
Jan 31 10:31:45 cu-cs-vm systemd[1]: Mounted FUSE Control File System.
Jan 31 10:31:45 cu-cs-vm systemd[1]: Mounting VMware vmblock fuse mount...
Jan 31 10:31:45 cu-cs-vm loadkeys[325]: Loading /etc/console-setup/cached.kmap.gz
Jan 31 10:31:45 cu-cs-vm systemd[1]: Started Set console keymap.
Jan 31 10:31:45 cu-cs-vm systemd[1]: Started Dispatch Password Requests to Console Directory Watch.
Jan 31 10:31:45 cu-cs-vm systemd[1]: Reached target Local File Systems (Pre).
Jan 31 10:31:45 cu-cs-vm systemd[1]: Reached target Local File Systems.
Jan 31 10:31:45 cu-cs-vm systemd[1]: Starting Tell Plymouth To Write Out Runtime Data...
Jan 31 10:31:45 cu-cs-vm systemd[1]: Starting Set console font and keymap...
Jan 31 10:31:45 cu-cs-vm systemd[1]: Starting LSB: AppArmor initialization...
Jan 31 10:31:45 cu-cs-vm systemd[1]: Starting Create Volatile Files and Directories...
Jan 31 10:31:45 cu-cs-vm systemd[1]: Starting Enable support for additional executable binary formats...
Jan 31 10:31:45 cu-cs-vm systemd-tmpfiles[408]: [/usr/lib/tmpfiles.d/var.conf:14] Duplicate line for path "/var/log", ignoring.
Jan 31 10:31:45 cu-cs-vm systemd[1]: Started Apply Kernel Variables.
Jan 31 10:31:45 cu-cs-vm systemd[1]: proc-sys-fs-binfmt_misc.automount: Got automount request for /proc/sys/fs/binfmt_misc, triggered by 409 (update-binfmts)
Jan 31 10:31:45 cu-cs-vm systemd[1]: Mounting Arbitrary Executable File Formats File System...
Jan 31 10:31:45 cu-cs-vm systemd[1]: Started Tell Plymouth To Write Out Runtime Data.
Jan 31 10:31:45 cu-cs-vm systemd[1]: Mounted VMware vmblock fuse mount.
Jan 31 10:31:45 cu-cs-vm systemd[1]: Started Service for virtual machines hosted on VMware.
Jan 31 10:31:45 cu-cs-vm systemd[1]: Started Create Volatile Files and Directories.
Jan 31 10:31:45 cu-cs-vm systemd[1]: Starting Update UTMP about System Boot/Shutdown...
Jan 31 10:31:45 cu-cs-vm systemd[1]: Starting Network Time Synchronization...
Jan 31 10:31:45 cu-cs-vm systemd[1]: Mounted Arbitrary Executable File Formats File System.
Jan 31 10:31:45 cu-cs-vm systemd[1]: Started Update UTMP about System Boot/Shutdown.
Jan 31 10:31:45 cu-cs-vm systemd[1]: Started Network Time Synchronization.
Jan 31 10:31:45 cu-cs-vm systemd[1]: Reached target System Time Synchronized.
Jan 31 10:31:45 cu-cs-vm systemd[1]: Started Enable support for additional executable binary formats.
Jan 31 10:31:45 cu-cs-vm systemd[1]: Listening on Load/Save RF Kill Switch Status /dev/rfkill Watch.
Jan 31 10:31:45 cu-cs-vm mtp-probe: checking bus 2, device 2: "/sys/devices/pci0000:00/0000:00:11.0/0000:02:00.0/usb2/2-1"
Jan 31 10:31:45 cu-cs-vm mtp-probe: bus: 2, device: 2 was not an MTP device
Jan 31 10:31:45 cu-cs-vm mtp-probe: checking bus 1, device 2: "/sys/devices/pci0000:00/0000:00:11.0/0000:02:02.0/usb1/1-1"
Jan 31 10:31:45 cu-cs-vm mtp-probe: bus: 1, device: 2 was not an MTP device
Jan 31 10:31:45 cu-cs-vm systemd[1]: Started Set console font and keymap.
Jan 31 10:31:45 cu-cs-vm systemd[1]: Created slice system-getty.slice.
Jan 31 10:31:45 cu-cs-vm systemd[1]: Found device VMware_Virtual_S 5.
Jan 31 10:31:45 cu-cs-vm systemd[1]: Activating swap /dev/disk/by-uuid/4f6f25d8-6004-459b-b46c-f0f3c3d0de9b...
Jan 31 10:31:45 cu-cs-vm apparmor[407]:  * Starting AppArmor profiles
Jan 31 10:31:45 cu-cs-vm systemd[1]: Activated swap /dev/disk/by-uuid/4f6f25d8-6004-459b-b46c-f0f3c3d0de9b.
Jan 31 10:31:45 cu-cs-vm systemd[1]: Reached target Swap.
Jan 31 10:31:45 cu-cs-vm apparmor[407]: Skipping profile in /etc/apparmor.d/disable: usr.bin.firefox
Jan 31 10:31:45 cu-cs-vm apparmor[407]: Skipping profile in /etc/apparmor.d/disable: usr.sbin.rsyslogd
Jan 31 10:31:45 cu-cs-vm apparmor[407]:    ...done.
Jan 31 10:31:45 cu-cs-vm systemd[1]: Started LSB: AppArmor initialization.
Jan 31 10:31:45 cu-cs-vm systemd[1]: Reached target System Initialization.
Jan 31 10:31:45 cu-cs-vm systemd[1]: Started Daily apt download activities.
Jan 31 10:31:45 cu-cs-vm kernel: [    0.000000] Linux version 4.15.18finalrevision (root@cu-cs-vm) (gcc version 5.4.0 20160609 (Ubuntu 5.4.0-6ubuntu1~16.04.12)) #4 SMP Fri Jan 31 10:02:16 MST 2020 (Ubuntu 4.15.0-33.36~16.04.1-generic 4.15.18)
Jan 31 10:31:45 cu-cs-vm kernel: [    0.000000] Command line: BOOT_IMAGE=/boot/vmlinuz-4.15.18finalrevision root=UUID=a7adc8c1-e02a-478b-93ad-c06e060e0176 ro
Jan 31 10:31:45 cu-cs-vm kernel: [    0.000000] KERNEL supported cpus:
Jan 31 10:31:45 cu-cs-vm kernel: [    0.000000]   Intel GenuineIntel
Jan 31 10:31:45 cu-cs-vm kernel: [    0.000000]   AMD AuthenticAMD
Jan 31 10:31:45 cu-cs-vm systemd[1]: Listening on D-Bus System Message Bus Socket.
Jan 31 10:31:45 cu-cs-vm kernel: [    0.000000]   Centaur CentaurHauls
Jan 31 10:31:45 cu-cs-vm kernel: [    0.000000] Disabled fast string operations
Jan 31 10:31:45 cu-cs-vm kernel: [    0.000000] x86/fpu: Supporting XSAVE feature 0x001: 'x87 floating point registers'
Jan 31 10:31:45 cu-cs-vm systemd[1]: Listening on ACPID Listen Socket.
Jan 31 10:31:45 cu-cs-vm kernel: [    0.000000] x86/fpu: Supporting XSAVE feature 0x002: 'SSE registers'
Jan 31 10:31:45 cu-cs-vm kernel: [    0.000000] x86/fpu: Supporting XSAVE feature 0x004: 'AVX registers'
Jan 31 10:31:45 cu-cs-vm kernel: [    0.000000] x86/fpu: xstate_offset[2]:  576, xstate_sizes[2]:  256
Jan 31 10:31:45 cu-cs-vm kernel: [    0.000000] x86/fpu: Enabled xstate features 0x7, context size is 832 bytes, using 'standard' format.
Jan 31 10:31:45 cu-cs-vm systemd[1]: Started Daily apt upgrade and clean activities.
Jan 31 10:31:45 cu-cs-vm kernel: [    0.000000] e820: BIOS-provided physical RAM map:
Jan 31 10:31:45 cu-cs-vm kernel: [    0.000000] BIOS-e820: [mem 0x0000000000000000-0x000000000009e7ff] usable
Jan 31 10:31:45 cu-cs-vm kernel: [    0.000000] BIOS-e820: [mem 0x000000000009e800-0x000000000009ffff] reserved
Jan 31 10:31:45 cu-cs-vm kernel: [    0.000000] BIOS-e820: [mem 0x00000000000dc000-0x00000000000fffff] reserved
Jan 31 10:31:45 cu-cs-vm systemd[1]: Started ACPI Events Check.
Jan 31 10:31:45 cu-cs-vm kernel: [    0.000000] BIOS-e820: [mem 0x0000000000100000-0x000000007fedffff] usable
Jan 31 10:31:45 cu-cs-vm kernel: [    0.000000] BIOS-e820: [mem 0x000000007fee0000-0x000000007fefefff] ACPI data
Jan 31 10:31:45 cu-cs-vm kernel: [    0.000000] BIOS-e820: [mem 0x000000007feff000-0x000000007fefffff] ACPI NVS
Jan 31 10:31:45 cu-cs-vm kernel: [    0.000000] BIOS-e820: [mem 0x000000007ff00000-0x000000007fffffff] usable
Jan 31 10:31:45 cu-cs-vm kernel: [    0.000000] BIOS-e820: [mem 0x00000000f0000000-0x00000000f7ffffff] reserved
Jan 31 10:31:45 cu-cs-vm systemd[1]: Listening on Avahi mDNS/DNS-SD Stack Activation Socket.
Jan 31 10:31:45 cu-cs-vm kernel: [    0.000000] BIOS-e820: [mem 0x00000000fec00000-0x00000000fec0ffff] reserved
Jan 31 10:31:45 cu-cs-vm systemd[1]: Listening on CUPS Scheduler.
Jan 31 10:31:45 cu-cs-vm kernel: [    0.000000] BIOS-e820: [mem 0x00000000fee00000-0x00000000fee00fff] reserved
Jan 31 10:31:45 cu-cs-vm kernel: [    0.000000] BIOS-e820: [mem 0x00000000fffe0000-0x00000000ffffffff] reserved
Jan 31 10:31:45 cu-cs-vm kernel: [    0.000000] NX (Execute Disable) protection: active
Jan 31 10:31:45 cu-cs-vm kernel: [    0.000000] SMBIOS 2.7 present.
Jan 31 10:31:45 cu-cs-vm kernel: [    0.000000] DMI: VMware, Inc. VMware Virtual Platform/440BX Desktop Reference Platform, BIOS 6.00 07/29/2019
Jan 31 10:31:45 cu-cs-vm kernel: [    0.000000] Hypervisor detected: VMware
Jan 31 10:31:45 cu-cs-vm systemd[1]: Started CUPS Scheduler.
Jan 31 10:31:45 cu-cs-vm kernel: [    0.000000] vmware: TSC freq read from hypervisor : 2303.682 MHz
Jan 31 10:31:45 cu-cs-vm kernel: [    0.000000] vmware: Host bus clock speed read from hypervisor : 66000000 Hz
Jan 31 10:31:45 cu-cs-vm kernel: [    0.000000] vmware: using sched offset of 19083197346 ns
Jan 31 10:31:45 cu-cs-vm kernel: [    0.000000] e820: update [mem 0x00000000-0x00000fff] usable ==> reserved
Jan 31 10:31:45 cu-cs-vm kernel: [    0.000000] e820: remove [mem 0x000a0000-0x000fffff] usable
Jan 31 10:31:45 cu-cs-vm systemd[1]: Reached target Paths.
Jan 31 10:31:45 cu-cs-vm kernel: [    0.000000] e820: last_pfn = 0x80000 max_arch_pfn = 0x400000000
Jan 31 10:31:45 cu-cs-vm kernel: [    0.000000] MTRR default type: uncachable
Jan 31 10:31:45 cu-cs-vm kernel: [    0.000000] MTRR fixed ranges enabled:
Jan 31 10:31:45 cu-cs-vm kernel: [    0.000000]   00000-9FFFF write-back
Jan 31 10:31:45 cu-cs-vm kernel: [    0.000000]   A0000-BFFFF uncachable
Jan 31 10:31:45 cu-cs-vm systemd[1]: Starting Socket activation for snappy daemon.
Jan 31 10:31:45 cu-cs-vm kernel: [    0.000000]   C0000-C7FFF write-protect
Jan 31 10:31:45 cu-cs-vm kernel: [    0.000000]   C8000-CBFFF write-back
Jan 31 10:31:45 cu-cs-vm kernel: [    0.000000]   CC000-EFFFF uncachable
Jan 31 10:31:45 cu-cs-vm systemd[1]: Listening on UUID daemon activation socket.
Jan 31 10:31:45 cu-cs-vm kernel: [    0.000000]   F0000-FFFFF write-protect
Jan 31 10:31:45 cu-cs-vm kernel: [    0.000000] MTRR variable ranges enabled:
Jan 31 10:31:45 cu-cs-vm kernel: [    0.000000]   0 base 00000000000 mask 3FF00000000 write-back
Jan 31 10:31:45 cu-cs-vm kernel: [    0.000000]   1 base 000C0000000 mask 3FFC0000000 uncachable
Jan 31 10:31:45 cu-cs-vm systemd[1]: Started Daily Cleanup of Temporary Directories.
Jan 31 10:31:45 cu-cs-vm kernel: [    0.000000]   2 disabled
Jan 31 10:31:45 cu-cs-vm kernel: [    0.000000]   3 disabled
Jan 31 10:31:45 cu-cs-vm kernel: [    0.000000]   4 disabled
Jan 31 10:31:45 cu-cs-vm kernel: [    0.000000]   5 disabled
Jan 31 10:31:45 cu-cs-vm systemd[1]: Reached target Timers.
Jan 31 10:31:45 cu-cs-vm kernel: [    0.000000]   6 disabled
Jan 31 10:31:45 cu-cs-vm kernel: [    0.000000]   7 disabled
Jan 31 10:31:45 cu-cs-vm kernel: [    0.000000] x86/PAT: Configuration [0-7]: WB  WC  UC- UC  WB  WP  UC- WT  
Jan 31 10:31:45 cu-cs-vm kernel: [    0.000000] total RAM covered: 3072M
Jan 31 10:31:45 cu-cs-vm kernel: [    0.000000] Found optimal setting for mtrr clean up
Jan 31 10:31:45 cu-cs-vm kernel: [    0.000000]  gran_size: 64K 	chunk_size: 64K 	num_reg: 2  	lose cover RAM: 0G
Jan 31 10:31:45 cu-cs-vm systemd[1]: Starting Raise network interfaces...
Jan 31 10:31:45 cu-cs-vm kernel: [    0.000000] found SMP MP-table at [mem 0x000f6a70-0x000f6a7f]
Jan 31 10:31:45 cu-cs-vm kernel: [    0.000000] Scanning 1 areas for low memory corruption
Jan 31 10:31:45 cu-cs-vm kernel: [    0.000000] Using GB pages for direct mapping
Jan 31 10:31:45 cu-cs-vm systemd[1]: Listening on Socket activation for snappy daemon.
Jan 31 10:31:45 cu-cs-vm kernel: [    0.000000] BRK [0x5378f000, 0x5378ffff] PGTABLE
Jan 31 10:31:45 cu-cs-vm kernel: [    0.000000] BRK [0x53790000, 0x53790fff] PGTABLE
Jan 31 10:31:45 cu-cs-vm kernel: [    0.000000] BRK [0x53791000, 0x53791fff] PGTABLE
Jan 31 10:31:45 cu-cs-vm kernel: [    0.000000] BRK [0x53792000, 0x53792fff] PGTABLE
Jan 31 10:31:45 cu-cs-vm systemd[1]: Reached target Sockets.
Jan 31 10:31:45 cu-cs-vm systemd[1]: Reached target Basic System.
Jan 31 10:31:45 cu-cs-vm systemd[1]: Starting Detect the available GPUs and deal with any system changes...
Jan 31 10:31:45 cu-cs-vm systemd[1]: Started D-Bus System Message Bus.
Jan 31 10:31:45 cu-cs-vm gpu-manager[736]: /etc/modprobe.d is not a file
Jan 31 10:31:45 cu-cs-vm gpu-manager[736]: message repeated 4 times: [ /etc/modprobe.d is not a file]
Jan 31 10:31:45 cu-cs-vm gpu-manager[736]: Error: can't open /lib/modules/4.15.18finalrevision/updates/dkms
Jan 31 10:31:45 cu-cs-vm gpu-manager[736]: Error: can't open /lib/modules/4.15.18finalrevision/updates/dkms
Jan 31 10:31:45 cu-cs-vm dbus[737]: [system] AppArmor D-Bus mediation is enabled
Jan 31 10:31:45 cu-cs-vm systemd[1]: Starting LSB: Execute the kexec -e command to reboot system...
Jan 31 10:31:45 cu-cs-vm systemd[1]: Starting LSB: automatic crash report generation...
Jan 31 10:31:45 cu-cs-vm systemd[1]: Started Regular background program processing daemon.
Jan 31 10:31:45 cu-cs-vm systemd[1]: Starting Network Manager...
Jan 31 10:31:45 cu-cs-vm systemd[1]: Started Authentication service for virtual machines hosted on VMware.
Jan 31 10:31:45 cu-cs-vm systemd[1]: Starting LSB: Speech Dispatcher...
Jan 31 10:31:45 cu-cs-vm systemd[1]: Starting LSB: daemon to balance interrupts for SMP systems...
Jan 31 10:31:45 cu-cs-vm systemd[1]: Starting Permit User Sessions...
Jan 31 10:31:45 cu-cs-vm systemd[1]: Starting Initialize hardware monitoring sensors...
Jan 31 10:31:45 cu-cs-vm systemd[1]: Starting Avahi mDNS/DNS-SD Stack...
Jan 31 10:31:45 cu-cs-vm systemd[1]: Starting Accounts Service...
Jan 31 10:31:45 cu-cs-vm systemd[1]: Started Run anacron jobs.
Jan 31 10:31:45 cu-cs-vm systemd[1]: Started CUPS Scheduler.
Jan 31 10:31:45 cu-cs-vm systemd[1]: Starting Thermal Daemon Service...
Jan 31 10:31:45 cu-cs-vm cron[769]: (CRON) INFO (pidfile fd = 3)
Jan 31 10:31:45 cu-cs-vm systemd[1]: Starting LSB: Set the CPU Frequency Scaling governor to "ondemand"...
Jan 31 10:31:45 cu-cs-vm systemd[1]: Starting System Logging Service...
Jan 31 10:31:45 cu-cs-vm systemd[1]: Starting Restore /etc/resolv.conf if the system crashed before the ppp link was shut down...
Jan 31 10:31:45 cu-cs-vm systemd[1]: Started uptime record daemon.
Jan 31 10:31:45 cu-cs-vm systemd[1]: Starting Login Service...
Jan 31 10:31:45 cu-cs-vm systemd[1]: Starting LSB: Record successful boot for GRUB...
Jan 31 10:31:45 cu-cs-vm cron[769]: (CRON) INFO (Running @reboot jobs)
Jan 31 10:31:45 cu-cs-vm systemd[1]: Started ACPI event daemon.
Jan 31 10:31:45 cu-cs-vm systemd[1]: Starting Snappy daemon...
Jan 31 10:31:45 cu-cs-vm anacron[786]: Anacron 2.3 started on 2020-01-31
Jan 31 10:31:45 cu-cs-vm systemd[1]: Started Permit User Sessions.
Jan 31 10:31:45 cu-cs-vm systemd[1]: Started Restore /etc/resolv.conf if the system crashed before the ppp link was shut down.
Jan 31 10:31:45 cu-cs-vm anacron[786]: Normal exit (0 jobs run)
Jan 31 10:31:45 cu-cs-vm apport[767]:  * Starting automatic crash report generation: apport
Jan 31 10:31:45 cu-cs-vm sensors[779]: No sensors found!
Jan 31 10:31:45 cu-cs-vm sensors[779]: Make sure you loaded all the kernel drivers you need.
Jan 31 10:31:45 cu-cs-vm sensors[779]: Try sensors-detect to find out which these are.
Jan 31 10:31:45 cu-cs-vm sensors[823]: No sensors found!
Jan 31 10:31:45 cu-cs-vm sensors[823]: Make sure you loaded all the kernel drivers you need.
Jan 31 10:31:45 cu-cs-vm sensors[823]: Try sensors-detect to find out which these are.
Jan 31 10:31:45 cu-cs-vm systemd[1]: Started Initialize hardware monitoring sensors.
Jan 31 10:31:45 cu-cs-vm speech-dispatcher[775]:  * speech-dispatcher disabled; edit /etc/default/speech-dispatcher
Jan 31 10:31:45 cu-cs-vm systemd[1]: Started LSB: Speech Dispatcher.
Jan 31 10:31:45 cu-cs-vm irqbalance[776]:  * Starting SMP IRQ Balancer: irqbalance
Jan 31 10:31:45 cu-cs-vm systemd[1]: Started LSB: Execute the kexec -e command to reboot system.
Jan 31 10:31:45 cu-cs-vm systemd[1]: Starting LSB: Load kernel image with kexec...
Jan 31 10:31:45 cu-cs-vm gpu-manager[736]: update-alternatives: error: no alternatives for x86_64-linux-gnu_gfxcore_conf
Jan 31 10:31:45 cu-cs-vm systemd[1]: Started LSB: Set the CPU Frequency Scaling governor to "ondemand".
Jan 31 10:31:45 cu-cs-vm systemd[1]: Started Detect the available GPUs and deal with any system changes.
Jan 31 10:31:45 cu-cs-vm irqbalance[776]:    ...done.
Jan 31 10:31:45 cu-cs-vm apport[767]:    ...done.
Jan 31 10:31:45 cu-cs-vm systemd[1]: Started LSB: automatic crash report generation.
Jan 31 10:31:45 cu-cs-vm systemd[1]: Started LSB: daemon to balance interrupts for SMP systems.
Jan 31 10:31:45 cu-cs-vm systemd[1]: Started LSB: Load kernel image with kexec.
Jan 31 10:31:45 cu-cs-vm kernel: [    0.000000] BRK [0x53793000, 0x53793fff] PGTABLE
Jan 31 10:31:45 cu-cs-vm kernel: [    0.000000] BRK [0x53794000, 0x53794fff] PGTABLE
Jan 31 10:31:45 cu-cs-vm kernel: [    0.000000] RAMDISK: [mem 0x1ce44000-0x37feffff]
Jan 31 10:31:45 cu-cs-vm kernel: [    0.000000] ACPI: Early table checksum verification disabled
Jan 31 10:31:45 cu-cs-vm kernel: [    0.000000] ACPI: RSDP 0x00000000000F6A00 000024 (v02 PTLTD )
Jan 31 10:31:45 cu-cs-vm kernel: [    0.000000] ACPI: XSDT 0x000000007FEE969F 000054 (v01 INTEL  440BX    06040000 VMW  01324272)
Jan 31 10:31:45 cu-cs-vm systemd[1]: Starting Light Display Manager...
Jan 31 10:31:45 cu-cs-vm systemd[1]: Started Raise network interfaces.
Jan 31 10:31:45 cu-cs-vm systemd[1]: Started Login Service.
Jan 31 10:31:45 cu-cs-vm avahi-daemon[780]: Found user 'avahi' (UID 111) and group 'avahi' (GID 120).
Jan 31 10:31:45 cu-cs-vm avahi-daemon[780]: Successfully dropped root privileges.
Jan 31 10:31:45 cu-cs-vm avahi-daemon[780]: avahi-daemon 0.6.32-rc starting up.
Jan 31 10:31:45 cu-cs-vm avahi-daemon[780]: Successfully called chroot().
Jan 31 10:31:45 cu-cs-vm avahi-daemon[780]: Successfully dropped remaining capabilities.
Jan 31 10:31:45 cu-cs-vm systemd[1]: Started Avahi mDNS/DNS-SD Stack.
Jan 31 10:31:45 cu-cs-vm systemd[1]: Started Make remote CUPS printers available locally.
Jan 31 10:31:45 cu-cs-vm avahi-daemon[780]: No service file found in /etc/avahi/services.
Jan 31 10:31:45 cu-cs-vm avahi-daemon[780]: Network interface enumeration completed.
Jan 31 10:31:45 cu-cs-vm avahi-daemon[780]: Server startup complete. Host name is cu-cs-vm.local. Local service cookie is 886295872.
Jan 31 10:31:45 cu-cs-vm acpid: starting up with netlink and the input layer
Jan 31 10:31:45 cu-cs-vm systemd[1]: Started System Logging Service.
Jan 31 10:31:45 cu-cs-vm rsyslogd-2039: Could not open output pipe '/dev/xconsole':: No such file or directory [v8.16.0 try http://www.rsyslog.com/e/2039 ]
Jan 31 10:31:45 cu-cs-vm rsyslogd-2007: action 'action 10' suspended, next retry is Fri Jan 31 10:32:15 2020 [v8.16.0 try http://www.rsyslog.com/e/2007 ]
Jan 31 10:31:45 cu-cs-vm kernel: [    0.000000] ACPI: FACP 0x000000007FEFEE73 0000F4 (v04 INTEL  440BX    06040000 PTL  000F4240)
Jan 31 10:31:45 cu-cs-vm kernel: [    0.000000] ACPI: DSDT 0x000000007FEEAD55 01411E (v01 PTLTD  Custom   06040000 MSFT 03000001)
Jan 31 10:31:45 cu-cs-vm kernel: [    0.000000] ACPI: FACS 0x000000007FEFFFC0 000040
Jan 31 10:31:45 cu-cs-vm kernel: [    0.000000] ACPI: FACS 0x000000007FEFFFC0 000040
Jan 31 10:31:45 cu-cs-vm kernel: [    0.000000] ACPI: BOOT 0x000000007FEEAD2D 000028 (v01 PTLTD  $SBFTBL$ 06040000  LTP 00000001)
Jan 31 10:31:45 cu-cs-vm kernel: [    0.000000] ACPI: APIC 0x000000007FEEA5EB 000742 (v01 PTLTD  ? APIC   06040000  LTP 00000000)
Jan 31 10:31:45 cu-cs-vm kernel: [    0.000000] ACPI: MCFG 0x000000007FEEA5AF 00003C (v01 PTLTD  $PCITBL$ 06040000  LTP 00000001)
Jan 31 10:31:45 cu-cs-vm kernel: [    0.000000] ACPI: SRAT 0x000000007FEE9757 0008A8 (v02 VMWARE MEMPLUG  06040000 VMW  00000001)
Jan 31 10:31:45 cu-cs-vm kernel: [    0.000000] ACPI: WAET 0x000000007FEE972F 000028 (v01 VMWARE VMW WAET 06040000 VMW  00000001)
Jan 31 10:31:45 cu-cs-vm kernel: [    0.000000] ACPI: Local APIC address 0xfee00000
Jan 31 10:31:45 cu-cs-vm kernel: [    0.000000] system APIC only can use physical flat
Jan 31 10:31:45 cu-cs-vm kernel: [    0.000000] Setting APIC routing to physical flat.
Jan 31 10:31:45 cu-cs-vm kernel: [    0.000000] SRAT: PXM 0 -> APIC 0x00 -> Node 0
Jan 31 10:31:45 cu-cs-vm kernel: [    0.000000] SRAT: PXM 0 -> APIC 0x02 -> Node 0
Jan 31 10:31:45 cu-cs-vm kernel: [    0.000000] SRAT: PXM 0 -> APIC 0x04 -> Node 0
Jan 31 10:31:45 cu-cs-vm kernel: [    0.000000] SRAT: PXM 0 -> APIC 0x06 -> Node 0
Jan 31 10:31:45 cu-cs-vm kernel: [    0.000000] SRAT: PXM 0 -> APIC 0x08 -> Node 0
Jan 31 10:31:45 cu-cs-vm kernel: [    0.000000] SRAT: PXM 0 -> APIC 0x0a -> Node 0
Jan 31 10:31:45 cu-cs-vm kernel: [    0.000000] SRAT: PXM 0 -> APIC 0x0c -> Node 0
Jan 31 10:31:45 cu-cs-vm kernel: [    0.000000] SRAT: PXM 0 -> APIC 0x0e -> Node 0
Jan 31 10:31:45 cu-cs-vm kernel: [    0.000000] SRAT: PXM 0 -> APIC 0x10 -> Node 0
Jan 31 10:31:45 cu-cs-vm kernel: [    0.000000] SRAT: PXM 0 -> APIC 0x12 -> Node 0
Jan 31 10:31:45 cu-cs-vm kernel: [    0.000000] SRAT: PXM 0 -> APIC 0x14 -> Node 0
Jan 31 10:31:45 cu-cs-vm kernel: [    0.000000] SRAT: PXM 0 -> APIC 0x16 -> Node 0
Jan 31 10:31:45 cu-cs-vm kernel: [    0.000000] SRAT: PXM 0 -> APIC 0x18 -> Node 0
Jan 31 10:31:45 cu-cs-vm kernel: [    0.000000] SRAT: PXM 0 -> APIC 0x1a -> Node 0
Jan 31 10:31:45 cu-cs-vm kernel: [    0.000000] SRAT: PXM 0 -> APIC 0x1c -> Node 0
Jan 31 10:31:45 cu-cs-vm kernel: [    0.000000] SRAT: PXM 0 -> APIC 0x1e -> Node 0
Jan 31 10:31:45 cu-cs-vm kernel: [    0.000000] SRAT: PXM 0 -> APIC 0x20 -> Node 0
Jan 31 10:31:45 cu-cs-vm kernel: [    0.000000] SRAT: PXM 0 -> APIC 0x22 -> Node 0
Jan 31 10:31:45 cu-cs-vm kernel: [    0.000000] SRAT: PXM 0 -> APIC 0x24 -> Node 0
Jan 31 10:31:45 cu-cs-vm kernel: [    0.000000] SRAT: PXM 0 -> APIC 0x26 -> Node 0
Jan 31 10:31:45 cu-cs-vm kernel: [    0.000000] SRAT: PXM 0 -> APIC 0x28 -> Node 0
Jan 31 10:31:45 cu-cs-vm kernel: [    0.000000] SRAT: PXM 0 -> APIC 0x2a -> Node 0
Jan 31 10:31:45 cu-cs-vm kernel: [    0.000000] SRAT: PXM 0 -> APIC 0x2c -> Node 0
Jan 31 10:31:45 cu-cs-vm kernel: [    0.000000] SRAT: PXM 0 -> APIC 0x2e -> Node 0
Jan 31 10:31:45 cu-cs-vm kernel: [    0.000000] SRAT: PXM 0 -> APIC 0x30 -> Node 0
Jan 31 10:31:45 cu-cs-vm kernel: [    0.000000] SRAT: PXM 0 -> APIC 0x32 -> Node 0
Jan 31 10:31:45 cu-cs-vm kernel: [    0.000000] SRAT: PXM 0 -> APIC 0x34 -> Node 0
Jan 31 10:31:45 cu-cs-vm kernel: [    0.000000] SRAT: PXM 0 -> APIC 0x36 -> Node 0
Jan 31 10:31:45 cu-cs-vm kernel: [    0.000000] SRAT: PXM 0 -> APIC 0x38 -> Node 0
Jan 31 10:31:45 cu-cs-vm kernel: [    0.000000] SRAT: PXM 0 -> APIC 0x3a -> Node 0
Jan 31 10:31:45 cu-cs-vm kernel: [    0.000000] SRAT: PXM 0 -> APIC 0x3c -> Node 0
Jan 31 10:31:45 cu-cs-vm kernel: [    0.000000] SRAT: PXM 0 -> APIC 0x3e -> Node 0
Jan 31 10:31:45 cu-cs-vm kernel: [    0.000000] SRAT: PXM 0 -> APIC 0x40 -> Node 0
Jan 31 10:31:45 cu-cs-vm kernel: [    0.000000] SRAT: PXM 0 -> APIC 0x42 -> Node 0
Jan 31 10:31:45 cu-cs-vm kernel: [    0.000000] SRAT: PXM 0 -> APIC 0x44 -> Node 0
Jan 31 10:31:45 cu-cs-vm kernel: [    0.000000] SRAT: PXM 0 -> APIC 0x46 -> Node 0
Jan 31 10:31:45 cu-cs-vm kernel: [    0.000000] SRAT: PXM 0 -> APIC 0x48 -> Node 0
Jan 31 10:31:45 cu-cs-vm kernel: [    0.000000] SRAT: PXM 0 -> APIC 0x4a -> Node 0
Jan 31 10:31:45 cu-cs-vm kernel: [    0.000000] SRAT: PXM 0 -> APIC 0x4c -> Node 0
Jan 31 10:31:45 cu-cs-vm kernel: [    0.000000] SRAT: PXM 0 -> APIC 0x4e -> Node 0
Jan 31 10:31:45 cu-cs-vm kernel: [    0.000000] SRAT: PXM 0 -> APIC 0x50 -> Node 0
Jan 31 10:31:45 cu-cs-vm kernel: [    0.000000] SRAT: PXM 0 -> APIC 0x52 -> Node 0
Jan 31 10:31:45 cu-cs-vm kernel: [    0.000000] SRAT: PXM 0 -> APIC 0x54 -> Node 0
Jan 31 10:31:45 cu-cs-vm kernel: [    0.000000] SRAT: PXM 0 -> APIC 0x56 -> Node 0
Jan 31 10:31:45 cu-cs-vm kernel: [    0.000000] SRAT: PXM 0 -> APIC 0x58 -> Node 0
Jan 31 10:31:45 cu-cs-vm kernel: [    0.000000] SRAT: PXM 0 -> APIC 0x5a -> Node 0
Jan 31 10:31:45 cu-cs-vm kernel: [    0.000000] SRAT: PXM 0 -> APIC 0x5c -> Node 0
Jan 31 10:31:45 cu-cs-vm kernel: [    0.000000] SRAT: PXM 0 -> APIC 0x5e -> Node 0
Jan 31 10:31:45 cu-cs-vm kernel: [    0.000000] SRAT: PXM 0 -> APIC 0x60 -> Node 0
Jan 31 10:31:45 cu-cs-vm kernel: [    0.000000] SRAT: PXM 0 -> APIC 0x62 -> Node 0
Jan 31 10:31:45 cu-cs-vm kernel: [    0.000000] SRAT: PXM 0 -> APIC 0x64 -> Node 0
Jan 31 10:31:45 cu-cs-vm kernel: [    0.000000] SRAT: PXM 0 -> APIC 0x66 -> Node 0
Jan 31 10:31:45 cu-cs-vm kernel: [    0.000000] SRAT: PXM 0 -> APIC 0x68 -> Node 0
Jan 31 10:31:45 cu-cs-vm kernel: [    0.000000] SRAT: PXM 0 -> APIC 0x6a -> Node 0
Jan 31 10:31:45 cu-cs-vm kernel: [    0.000000] SRAT: PXM 0 -> APIC 0x6c -> Node 0
Jan 31 10:31:45 cu-cs-vm kernel: [    0.000000] SRAT: PXM 0 -> APIC 0x6e -> Node 0
Jan 31 10:31:45 cu-cs-vm kernel: [    0.000000] SRAT: PXM 0 -> APIC 0x70 -> Node 0
Jan 31 10:31:45 cu-cs-vm kernel: [    0.000000] SRAT: PXM 0 -> APIC 0x72 -> Node 0
Jan 31 10:31:45 cu-cs-vm kernel: [    0.000000] SRAT: PXM 0 -> APIC 0x74 -> Node 0
Jan 31 10:31:45 cu-cs-vm kernel: [    0.000000] SRAT: PXM 0 -> APIC 0x76 -> Node 0
Jan 31 10:31:45 cu-cs-vm kernel: [    0.000000] SRAT: PXM 0 -> APIC 0x78 -> Node 0
Jan 31 10:31:45 cu-cs-vm kernel: [    0.000000] SRAT: PXM 0 -> APIC 0x7a -> Node 0
Jan 31 10:31:45 cu-cs-vm kernel: [    0.000000] SRAT: PXM 0 -> APIC 0x7c -> Node 0
Jan 31 10:31:45 cu-cs-vm kernel: [    0.000000] SRAT: PXM 0 -> APIC 0x7e -> Node 0
Jan 31 10:31:45 cu-cs-vm kernel: [    0.000000] SRAT: PXM 0 -> APIC 0x80 -> Node 0
Jan 31 10:31:45 cu-cs-vm kernel: [    0.000000] SRAT: PXM 0 -> APIC 0x82 -> Node 0
Jan 31 10:31:45 cu-cs-vm kernel: [    0.000000] SRAT: PXM 0 -> APIC 0x84 -> Node 0
Jan 31 10:31:45 cu-cs-vm kernel: [    0.000000] SRAT: PXM 0 -> APIC 0x86 -> Node 0
Jan 31 10:31:45 cu-cs-vm kernel: [    0.000000] SRAT: PXM 0 -> APIC 0x88 -> Node 0
Jan 31 10:31:45 cu-cs-vm kernel: [    0.000000] SRAT: PXM 0 -> APIC 0x8a -> Node 0
Jan 31 10:31:45 cu-cs-vm kernel: [    0.000000] SRAT: PXM 0 -> APIC 0x8c -> Node 0
Jan 31 10:31:45 cu-cs-vm kernel: [    0.000000] SRAT: PXM 0 -> APIC 0x8e -> Node 0
Jan 31 10:31:45 cu-cs-vm kernel: [    0.000000] SRAT: PXM 0 -> APIC 0x90 -> Node 0
Jan 31 10:31:45 cu-cs-vm kernel: [    0.000000] SRAT: PXM 0 -> APIC 0x92 -> Node 0
Jan 31 10:31:45 cu-cs-vm kernel: [    0.000000] SRAT: PXM 0 -> APIC 0x94 -> Node 0
Jan 31 10:31:45 cu-cs-vm kernel: [    0.000000] SRAT: PXM 0 -> APIC 0x96 -> Node 0
Jan 31 10:31:45 cu-cs-vm kernel: [    0.000000] SRAT: PXM 0 -> APIC 0x98 -> Node 0
Jan 31 10:31:45 cu-cs-vm kernel: [    0.000000] SRAT: PXM 0 -> APIC 0x9a -> Node 0
Jan 31 10:31:45 cu-cs-vm kernel: [    0.000000] SRAT: PXM 0 -> APIC 0x9c -> Node 0
Jan 31 10:31:45 cu-cs-vm kernel: [    0.000000] SRAT: PXM 0 -> APIC 0x9e -> Node 0
Jan 31 10:31:45 cu-cs-vm kernel: [    0.000000] SRAT: PXM 0 -> APIC 0xa0 -> Node 0
Jan 31 10:31:45 cu-cs-vm kernel: [    0.000000] SRAT: PXM 0 -> APIC 0xa2 -> Node 0
Jan 31 10:31:45 cu-cs-vm kernel: [    0.000000] SRAT: PXM 0 -> APIC 0xa4 -> Node 0
Jan 31 10:31:45 cu-cs-vm kernel: [    0.000000] SRAT: PXM 0 -> APIC 0xa6 -> Node 0
Jan 31 10:31:45 cu-cs-vm kernel: [    0.000000] SRAT: PXM 0 -> APIC 0xa8 -> Node 0
Jan 31 10:31:45 cu-cs-vm kernel: [    0.000000] SRAT: PXM 0 -> APIC 0xaa -> Node 0
Jan 31 10:31:45 cu-cs-vm kernel: [    0.000000] SRAT: PXM 0 -> APIC 0xac -> Node 0
Jan 31 10:31:45 cu-cs-vm kernel: [    0.000000] SRAT: PXM 0 -> APIC 0xae -> Node 0
Jan 31 10:31:45 cu-cs-vm kernel: [    0.000000] SRAT: PXM 0 -> APIC 0xb0 -> Node 0
Jan 31 10:31:45 cu-cs-vm kernel: [    0.000000] SRAT: PXM 0 -> APIC 0xb2 -> Node 0
Jan 31 10:31:45 cu-cs-vm kernel: [    0.000000] SRAT: PXM 0 -> APIC 0xb4 -> Node 0
Jan 31 10:31:45 cu-cs-vm kernel: [    0.000000] SRAT: PXM 0 -> APIC 0xb6 -> Node 0
Jan 31 10:31:45 cu-cs-vm kernel: [    0.000000] SRAT: PXM 0 -> APIC 0xb8 -> Node 0
Jan 31 10:31:45 cu-cs-vm kernel: [    0.000000] SRAT: PXM 0 -> APIC 0xba -> Node 0
Jan 31 10:31:45 cu-cs-vm kernel: [    0.000000] SRAT: PXM 0 -> APIC 0xbc -> Node 0
Jan 31 10:31:45 cu-cs-vm kernel: [    0.000000] SRAT: PXM 0 -> APIC 0xbe -> Node 0
Jan 31 10:31:45 cu-cs-vm kernel: [    0.000000] SRAT: PXM 0 -> APIC 0xc0 -> Node 0
Jan 31 10:31:45 cu-cs-vm kernel: [    0.000000] SRAT: PXM 0 -> APIC 0xc2 -> Node 0
Jan 31 10:31:45 cu-cs-vm kernel: [    0.000000] SRAT: PXM 0 -> APIC 0xc4 -> Node 0
Jan 31 10:31:45 cu-cs-vm kernel: [    0.000000] SRAT: PXM 0 -> APIC 0xc6 -> Node 0
Jan 31 10:31:45 cu-cs-vm kernel: [    0.000000] SRAT: PXM 0 -> APIC 0xc8 -> Node 0
Jan 31 10:31:45 cu-cs-vm kernel: [    0.000000] SRAT: PXM 0 -> APIC 0xca -> Node 0
Jan 31 10:31:45 cu-cs-vm kernel: [    0.000000] SRAT: PXM 0 -> APIC 0xcc -> Node 0
Jan 31 10:31:45 cu-cs-vm kernel: [    0.000000] SRAT: PXM 0 -> APIC 0xce -> Node 0
Jan 31 10:31:45 cu-cs-vm kernel: [    0.000000] SRAT: PXM 0 -> APIC 0xd0 -> Node 0
Jan 31 10:31:45 cu-cs-vm kernel: [    0.000000] SRAT: PXM 0 -> APIC 0xd2 -> Node 0
Jan 31 10:31:45 cu-cs-vm kernel: [    0.000000] SRAT: PXM 0 -> APIC 0xd4 -> Node 0
Jan 31 10:31:45 cu-cs-vm kernel: [    0.000000] SRAT: PXM 0 -> APIC 0xd6 -> Node 0
Jan 31 10:31:45 cu-cs-vm kernel: [    0.000000] SRAT: PXM 0 -> APIC 0xd8 -> Node 0
Jan 31 10:31:45 cu-cs-vm kernel: [    0.000000] SRAT: PXM 0 -> APIC 0xda -> Node 0
Jan 31 10:31:45 cu-cs-vm kernel: [    0.000000] SRAT: PXM 0 -> APIC 0xdc -> Node 0
Jan 31 10:31:45 cu-cs-vm kernel: [    0.000000] SRAT: PXM 0 -> APIC 0xde -> Node 0
Jan 31 10:31:45 cu-cs-vm kernel: [    0.000000] SRAT: PXM 0 -> APIC 0xe0 -> Node 0
Jan 31 10:31:45 cu-cs-vm kernel: [    0.000000] SRAT: PXM 0 -> APIC 0xe2 -> Node 0
Jan 31 10:31:45 cu-cs-vm kernel: [    0.000000] SRAT: PXM 0 -> APIC 0xe4 -> Node 0
Jan 31 10:31:45 cu-cs-vm kernel: [    0.000000] SRAT: PXM 0 -> APIC 0xe6 -> Node 0
Jan 31 10:31:45 cu-cs-vm kernel: [    0.000000] SRAT: PXM 0 -> APIC 0xe8 -> Node 0
Jan 31 10:31:45 cu-cs-vm kernel: [    0.000000] SRAT: PXM 0 -> APIC 0xea -> Node 0
Jan 31 10:31:45 cu-cs-vm kernel: [    0.000000] SRAT: PXM 0 -> APIC 0xec -> Node 0
Jan 31 10:31:45 cu-cs-vm kernel: [    0.000000] SRAT: PXM 0 -> APIC 0xee -> Node 0
Jan 31 10:31:45 cu-cs-vm kernel: [    0.000000] SRAT: PXM 0 -> APIC 0xf0 -> Node 0
Jan 31 10:31:45 cu-cs-vm kernel: [    0.000000] SRAT: PXM 0 -> APIC 0xf2 -> Node 0
Jan 31 10:31:45 cu-cs-vm kernel: [    0.000000] SRAT: PXM 0 -> APIC 0xf4 -> Node 0
Jan 31 10:31:45 cu-cs-vm kernel: [    0.000000] SRAT: PXM 0 -> APIC 0xf6 -> Node 0
Jan 31 10:31:45 cu-cs-vm kernel: [    0.000000] SRAT: PXM 0 -> APIC 0xf8 -> Node 0
Jan 31 10:31:45 cu-cs-vm kernel: [    0.000000] SRAT: PXM 0 -> APIC 0xfa -> Node 0
Jan 31 10:31:45 cu-cs-vm kernel: [    0.000000] SRAT: PXM 0 -> APIC 0xfc -> Node 0
Jan 31 10:31:45 cu-cs-vm kernel: [    0.000000] SRAT: PXM 0 -> APIC 0xfe -> Node 0
Jan 31 10:31:45 cu-cs-vm acpid: 9 rules loaded
Jan 31 10:31:45 cu-cs-vm acpid: waiting for events: event logging is off
Jan 31 10:31:45 cu-cs-vm kernel: [    0.000000] ACPI: SRAT: Node 0 PXM 0 [mem 0x00000000-0x0009ffff]
Jan 31 10:31:45 cu-cs-vm kernel: [    0.000000] ACPI: SRAT: Node 0 PXM 0 [mem 0x00100000-0x7fffffff]
Jan 31 10:31:45 cu-cs-vm kernel: [    0.000000] ACPI: SRAT: Node 0 PXM 0 [mem 0x80000000-0xbfffffff] hotplug
Jan 31 10:31:45 cu-cs-vm kernel: [    0.000000] NUMA: Node 0 [mem 0x00000000-0x0009ffff] + [mem 0x00100000-0x7fffffff] -> [mem 0x00000000-0x7fffffff]
Jan 31 10:31:45 cu-cs-vm kernel: [    0.000000] NODE_DATA(0) allocated [mem 0x7ffd5000-0x7fffffff]
Jan 31 10:31:45 cu-cs-vm kernel: [    0.000000] Zone ranges:
Jan 31 10:31:45 cu-cs-vm kernel: [    0.000000]   DMA      [mem 0x0000000000001000-0x0000000000ffffff]
Jan 31 10:31:45 cu-cs-vm kernel: [    0.000000]   DMA32    [mem 0x0000000001000000-0x000000007fffffff]
Jan 31 10:31:45 cu-cs-vm kernel: [    0.000000]   Normal   empty
Jan 31 10:31:45 cu-cs-vm kernel: [    0.000000]   Device   empty
Jan 31 10:31:45 cu-cs-vm kernel: [    0.000000] Movable zone start for each node
Jan 31 10:31:45 cu-cs-vm kernel: [    0.000000] Early memory node ranges
Jan 31 10:31:45 cu-cs-vm kernel: [    0.000000]   node   0: [mem 0x0000000000001000-0x000000000009dfff]
Jan 31 10:31:45 cu-cs-vm kernel: [    0.000000]   node   0: [mem 0x0000000000100000-0x000000007fedffff]
Jan 31 10:31:45 cu-cs-vm kernel: [    0.000000]   node   0: [mem 0x000000007ff00000-0x000000007fffffff]
Jan 31 10:31:45 cu-cs-vm kernel: [    0.000000] Reserved but unavailable: 99 pages
Jan 31 10:31:45 cu-cs-vm kernel: [    0.000000] Initmem setup node 0 [mem 0x0000000000001000-0x000000007fffffff]
Jan 31 10:31:45 cu-cs-vm kernel: [    0.000000] On node 0 totalpages: 524157
Jan 31 10:31:45 cu-cs-vm kernel: [    0.000000]   DMA zone: 64 pages used for memmap
Jan 31 10:31:45 cu-cs-vm kernel: [    0.000000]   DMA zone: 21 pages reserved
Jan 31 10:31:45 cu-cs-vm kernel: [    0.000000]   DMA zone: 3997 pages, LIFO batch:0
Jan 31 10:31:45 cu-cs-vm kernel: [    0.000000]   DMA32 zone: 8128 pages used for memmap
Jan 31 10:31:45 cu-cs-vm kernel: [    0.000000]   DMA32 zone: 520160 pages, LIFO batch:31
Jan 31 10:31:45 cu-cs-vm kernel: [    0.000000] ACPI: PM-Timer IO Port: 0x1008
Jan 31 10:31:45 cu-cs-vm kernel: [    0.000000] ACPI: Local APIC address 0xfee00000
Jan 31 10:31:45 cu-cs-vm kernel: [    0.000000] system APIC only can use physical flat
Jan 31 10:31:45 cu-cs-vm kernel: [    0.000000] ACPI: LAPIC_NMI (acpi_id[0x00] high edge lint[0x1])
Jan 31 10:31:45 cu-cs-vm kernel: [    0.000000] ACPI: LAPIC_NMI (acpi_id[0x01] high edge lint[0x1])
Jan 31 10:31:45 cu-cs-vm kernel: [    0.000000] ACPI: LAPIC_NMI (acpi_id[0x02] high edge lint[0x1])
Jan 31 10:31:45 cu-cs-vm kernel: [    0.000000] ACPI: LAPIC_NMI (acpi_id[0x03] high edge lint[0x1])
Jan 31 10:31:45 cu-cs-vm kernel: [    0.000000] ACPI: LAPIC_NMI (acpi_id[0x04] high edge lint[0x1])
Jan 31 10:31:45 cu-cs-vm kernel: [    0.000000] ACPI: LAPIC_NMI (acpi_id[0x05] high edge lint[0x1])
Jan 31 10:31:45 cu-cs-vm kernel: [    0.000000] ACPI: LAPIC_NMI (acpi_id[0x06] high edge lint[0x1])
Jan 31 10:31:45 cu-cs-vm kernel: [    0.000000] ACPI: LAPIC_NMI (acpi_id[0x07] high edge lint[0x1])
Jan 31 10:31:45 cu-cs-vm kernel: [    0.000000] ACPI: LAPIC_NMI (acpi_id[0x08] high edge lint[0x1])
Jan 31 10:31:45 cu-cs-vm kernel: [    0.000000] ACPI: LAPIC_NMI (acpi_id[0x09] high edge lint[0x1])
Jan 31 10:31:45 cu-cs-vm kernel: [    0.000000] ACPI: LAPIC_NMI (acpi_id[0x0a] high edge lint[0x1])
Jan 31 10:31:45 cu-cs-vm kernel: [    0.000000] ACPI: LAPIC_NMI (acpi_id[0x0b] high edge lint[0x1])
Jan 31 10:31:45 cu-cs-vm kernel: [    0.000000] ACPI: LAPIC_NMI (acpi_id[0x0c] high edge lint[0x1])
Jan 31 10:31:45 cu-cs-vm kernel: [    0.000000] ACPI: LAPIC_NMI (acpi_id[0x0d] high edge lint[0x1])
Jan 31 10:31:45 cu-cs-vm kernel: [    0.000000] ACPI: LAPIC_NMI (acpi_id[0x0e] high edge lint[0x1])
Jan 31 10:31:45 cu-cs-vm kernel: [    0.000000] ACPI: LAPIC_NMI (acpi_id[0x0f] high edge lint[0x1])
Jan 31 10:31:45 cu-cs-vm kernel: [    0.000000] ACPI: LAPIC_NMI (acpi_id[0x10] high edge lint[0x1])
Jan 31 10:31:45 cu-cs-vm kernel: [    0.000000] ACPI: LAPIC_NMI (acpi_id[0x11] high edge lint[0x1])
Jan 31 10:31:45 cu-cs-vm kernel: [    0.000000] ACPI: LAPIC_NMI (acpi_id[0x12] high edge lint[0x1])
Jan 31 10:31:45 cu-cs-vm kernel: [    0.000000] ACPI: LAPIC_NMI (acpi_id[0x13] high edge lint[0x1])
Jan 31 10:31:45 cu-cs-vm kernel: [    0.000000] ACPI: LAPIC_NMI (acpi_id[0x14] high edge lint[0x1])
Jan 31 10:31:45 cu-cs-vm kernel: [    0.000000] ACPI: LAPIC_NMI (acpi_id[0x15] high edge lint[0x1])
Jan 31 10:31:45 cu-cs-vm kernel: [    0.000000] ACPI: LAPIC_NMI (acpi_id[0x16] high edge lint[0x1])
Jan 31 10:31:45 cu-cs-vm kernel: [    0.000000] ACPI: LAPIC_NMI (acpi_id[0x17] high edge lint[0x1])
Jan 31 10:31:45 cu-cs-vm kernel: [    0.000000] ACPI: LAPIC_NMI (acpi_id[0x18] high edge lint[0x1])
Jan 31 10:31:45 cu-cs-vm kernel: [    0.000000] ACPI: LAPIC_NMI (acpi_id[0x19] high edge lint[0x1])
Jan 31 10:31:45 cu-cs-vm kernel: [    0.000000] ACPI: LAPIC_NMI (acpi_id[0x1a] high edge lint[0x1])
Jan 31 10:31:45 cu-cs-vm kernel: [    0.000000] ACPI: LAPIC_NMI (acpi_id[0x1b] high edge lint[0x1])
Jan 31 10:31:45 cu-cs-vm kernel: [    0.000000] ACPI: LAPIC_NMI (acpi_id[0x1c] high edge lint[0x1])
Jan 31 10:31:45 cu-cs-vm kernel: [    0.000000] ACPI: LAPIC_NMI (acpi_id[0x1d] high edge lint[0x1])
Jan 31 10:31:45 cu-cs-vm kernel: [    0.000000] ACPI: LAPIC_NMI (acpi_id[0x1e] high edge lint[0x1])
Jan 31 10:31:45 cu-cs-vm kernel: [    0.000000] ACPI: LAPIC_NMI (acpi_id[0x1f] high edge lint[0x1])
Jan 31 10:31:45 cu-cs-vm kernel: [    0.000000] ACPI: LAPIC_NMI (acpi_id[0x20] high edge lint[0x1])
Jan 31 10:31:45 cu-cs-vm kernel: [    0.000000] ACPI: LAPIC_NMI (acpi_id[0x21] high edge lint[0x1])
Jan 31 10:31:45 cu-cs-vm kernel: [    0.000000] ACPI: LAPIC_NMI (acpi_id[0x22] high edge lint[0x1])
Jan 31 10:31:45 cu-cs-vm kernel: [    0.000000] ACPI: LAPIC_NMI (acpi_id[0x23] high edge lint[0x1])
Jan 31 10:31:45 cu-cs-vm kernel: [    0.000000] ACPI: LAPIC_NMI (acpi_id[0x24] high edge lint[0x1])
Jan 31 10:31:45 cu-cs-vm kernel: [    0.000000] ACPI: LAPIC_NMI (acpi_id[0x25] high edge lint[0x1])
Jan 31 10:31:45 cu-cs-vm kernel: [    0.000000] ACPI: LAPIC_NMI (acpi_id[0x26] high edge lint[0x1])
Jan 31 10:31:45 cu-cs-vm kernel: [    0.000000] ACPI: LAPIC_NMI (acpi_id[0x27] high edge lint[0x1])
Jan 31 10:31:45 cu-cs-vm kernel: [    0.000000] ACPI: LAPIC_NMI (acpi_id[0x28] high edge lint[0x1])
Jan 31 10:31:45 cu-cs-vm kernel: [    0.000000] ACPI: LAPIC_NMI (acpi_id[0x29] high edge lint[0x1])
Jan 31 10:31:45 cu-cs-vm kernel: [    0.000000] ACPI: LAPIC_NMI (acpi_id[0x2a] high edge lint[0x1])
Jan 31 10:31:45 cu-cs-vm kernel: [    0.000000] ACPI: LAPIC_NMI (acpi_id[0x2b] high edge lint[0x1])
Jan 31 10:31:45 cu-cs-vm kernel: [    0.000000] ACPI: LAPIC_NMI (acpi_id[0x2c] high edge lint[0x1])
Jan 31 10:31:45 cu-cs-vm kernel: [    0.000000] ACPI: LAPIC_NMI (acpi_id[0x2d] high edge lint[0x1])
Jan 31 10:31:45 cu-cs-vm kernel: [    0.000000] ACPI: LAPIC_NMI (acpi_id[0x2e] high edge lint[0x1])
Jan 31 10:31:45 cu-cs-vm kernel: [    0.000000] ACPI: LAPIC_NMI (acpi_id[0x2f] high edge lint[0x1])
Jan 31 10:31:45 cu-cs-vm kernel: [    0.000000] ACPI: LAPIC_NMI (acpi_id[0x30] high edge lint[0x1])
Jan 31 10:31:45 cu-cs-vm kernel: [    0.000000] ACPI: LAPIC_NMI (acpi_id[0x31] high edge lint[0x1])
Jan 31 10:31:45 cu-cs-vm kernel: [    0.000000] ACPI: LAPIC_NMI (acpi_id[0x32] high edge lint[0x1])
Jan 31 10:31:45 cu-cs-vm kernel: [    0.000000] ACPI: LAPIC_NMI (acpi_id[0x33] high edge lint[0x1])
Jan 31 10:31:45 cu-cs-vm kernel: [    0.000000] ACPI: LAPIC_NMI (acpi_id[0x34] high edge lint[0x1])
Jan 31 10:31:45 cu-cs-vm kernel: [    0.000000] ACPI: LAPIC_NMI (acpi_id[0x35] high edge lint[0x1])
Jan 31 10:31:45 cu-cs-vm kernel: [    0.000000] ACPI: LAPIC_NMI (acpi_id[0x36] high edge lint[0x1])
Jan 31 10:31:45 cu-cs-vm kernel: [    0.000000] ACPI: LAPIC_NMI (acpi_id[0x37] high edge lint[0x1])
Jan 31 10:31:45 cu-cs-vm kernel: [    0.000000] ACPI: LAPIC_NMI (acpi_id[0x38] high edge lint[0x1])
Jan 31 10:31:45 cu-cs-vm kernel: [    0.000000] ACPI: LAPIC_NMI (acpi_id[0x39] high edge lint[0x1])
Jan 31 10:31:45 cu-cs-vm kernel: [    0.000000] ACPI: LAPIC_NMI (acpi_id[0x3a] high edge lint[0x1])
Jan 31 10:31:45 cu-cs-vm kernel: [    0.000000] ACPI: LAPIC_NMI (acpi_id[0x3b] high edge lint[0x1])
Jan 31 10:31:45 cu-cs-vm kernel: [    0.000000] ACPI: LAPIC_NMI (acpi_id[0x3c] high edge lint[0x1])
Jan 31 10:31:45 cu-cs-vm kernel: [    0.000000] ACPI: LAPIC_NMI (acpi_id[0x3d] high edge lint[0x1])
Jan 31 10:31:45 cu-cs-vm kernel: [    0.000000] ACPI: LAPIC_NMI (acpi_id[0x3e] high edge lint[0x1])
Jan 31 10:31:45 cu-cs-vm kernel: [    0.000000] ACPI: LAPIC_NMI (acpi_id[0x3f] high edge lint[0x1])
Jan 31 10:31:45 cu-cs-vm kernel: [    0.000000] ACPI: LAPIC_NMI (acpi_id[0x40] high edge lint[0x1])
Jan 31 10:31:45 cu-cs-vm kernel: [    0.000000] ACPI: LAPIC_NMI (acpi_id[0x41] high edge lint[0x1])
Jan 31 10:31:45 cu-cs-vm kernel: [    0.000000] ACPI: LAPIC_NMI (acpi_id[0x42] high edge lint[0x1])
Jan 31 10:31:45 cu-cs-vm kernel: [    0.000000] ACPI: LAPIC_NMI (acpi_id[0x43] high edge lint[0x1])
Jan 31 10:31:45 cu-cs-vm kernel: [    0.000000] ACPI: LAPIC_NMI (acpi_id[0x44] high edge lint[0x1])
Jan 31 10:31:45 cu-cs-vm kernel: [    0.000000] ACPI: LAPIC_NMI (acpi_id[0x45] high edge lint[0x1])
Jan 31 10:31:45 cu-cs-vm kernel: [    0.000000] ACPI: LAPIC_NMI (acpi_id[0x46] high edge lint[0x1])
Jan 31 10:31:45 cu-cs-vm kernel: [    0.000000] ACPI: LAPIC_NMI (acpi_id[0x47] high edge lint[0x1])
Jan 31 10:31:45 cu-cs-vm kernel: [    0.000000] ACPI: LAPIC_NMI (acpi_id[0x48] high edge lint[0x1])
Jan 31 10:31:45 cu-cs-vm kernel: [    0.000000] ACPI: LAPIC_NMI (acpi_id[0x49] high edge lint[0x1])
Jan 31 10:31:45 cu-cs-vm kernel: [    0.000000] ACPI: LAPIC_NMI (acpi_id[0x4a] high edge lint[0x1])
Jan 31 10:31:45 cu-cs-vm kernel: [    0.000000] ACPI: LAPIC_NMI (acpi_id[0x4b] high edge lint[0x1])
Jan 31 10:31:45 cu-cs-vm kernel: [    0.000000] ACPI: LAPIC_NMI (acpi_id[0x4c] high edge lint[0x1])
Jan 31 10:31:45 cu-cs-vm kernel: [    0.000000] ACPI: LAPIC_NMI (acpi_id[0x4d] high edge lint[0x1])
Jan 31 10:31:45 cu-cs-vm kernel: [    0.000000] ACPI: LAPIC_NMI (acpi_id[0x4e] high edge lint[0x1])
Jan 31 10:31:45 cu-cs-vm kernel: [    0.000000] ACPI: LAPIC_NMI (acpi_id[0x4f] high edge lint[0x1])
Jan 31 10:31:45 cu-cs-vm kernel: [    0.000000] ACPI: LAPIC_NMI (acpi_id[0x50] high edge lint[0x1])
Jan 31 10:31:45 cu-cs-vm kernel: [    0.000000] ACPI: LAPIC_NMI (acpi_id[0x51] high edge lint[0x1])
Jan 31 10:31:45 cu-cs-vm kernel: [    0.000000] ACPI: LAPIC_NMI (acpi_id[0x52] high edge lint[0x1])
Jan 31 10:31:45 cu-cs-vm kernel: [    0.000000] ACPI: LAPIC_NMI (acpi_id[0x53] high edge lint[0x1])
Jan 31 10:31:45 cu-cs-vm kernel: [    0.000000] ACPI: LAPIC_NMI (acpi_id[0x54] high edge lint[0x1])
Jan 31 10:31:45 cu-cs-vm kernel: [    0.000000] ACPI: LAPIC_NMI (acpi_id[0x55] high edge lint[0x1])
Jan 31 10:31:45 cu-cs-vm kernel: [    0.000000] ACPI: LAPIC_NMI (acpi_id[0x56] high edge lint[0x1])
Jan 31 10:31:45 cu-cs-vm kernel: [    0.000000] ACPI: LAPIC_NMI (acpi_id[0x57] high edge lint[0x1])
Jan 31 10:31:45 cu-cs-vm kernel: [    0.000000] ACPI: LAPIC_NMI (acpi_id[0x58] high edge lint[0x1])
Jan 31 10:31:45 cu-cs-vm kernel: [    0.000000] ACPI: LAPIC_NMI (acpi_id[0x59] high edge lint[0x1])
Jan 31 10:31:45 cu-cs-vm kernel: [    0.000000] ACPI: LAPIC_NMI (acpi_id[0x5a] high edge lint[0x1])
Jan 31 10:31:45 cu-cs-vm kernel: [    0.000000] ACPI: LAPIC_NMI (acpi_id[0x5b] high edge lint[0x1])
Jan 31 10:31:45 cu-cs-vm kernel: [    0.000000] ACPI: LAPIC_NMI (acpi_id[0x5c] high edge lint[0x1])
Jan 31 10:31:45 cu-cs-vm kernel: [    0.000000] ACPI: LAPIC_NMI (acpi_id[0x5d] high edge lint[0x1])
Jan 31 10:31:45 cu-cs-vm kernel: [    0.000000] ACPI: LAPIC_NMI (acpi_id[0x5e] high edge lint[0x1])
Jan 31 10:31:45 cu-cs-vm kernel: [    0.000000] ACPI: LAPIC_NMI (acpi_id[0x5f] high edge lint[0x1])
Jan 31 10:31:45 cu-cs-vm kernel: [    0.000000] ACPI: LAPIC_NMI (acpi_id[0x60] high edge lint[0x1])
Jan 31 10:31:45 cu-cs-vm kernel: [    0.000000] ACPI: LAPIC_NMI (acpi_id[0x61] high edge lint[0x1])
Jan 31 10:31:45 cu-cs-vm kernel: [    0.000000] ACPI: LAPIC_NMI (acpi_id[0x62] high edge lint[0x1])
Jan 31 10:31:45 cu-cs-vm kernel: [    0.000000] ACPI: LAPIC_NMI (acpi_id[0x63] high edge lint[0x1])
Jan 31 10:31:45 cu-cs-vm kernel: [    0.000000] ACPI: LAPIC_NMI (acpi_id[0x64] high edge lint[0x1])
Jan 31 10:31:45 cu-cs-vm kernel: [    0.000000] ACPI: LAPIC_NMI (acpi_id[0x65] high edge lint[0x1])
Jan 31 10:31:45 cu-cs-vm kernel: [    0.000000] ACPI: LAPIC_NMI (acpi_id[0x66] high edge lint[0x1])
Jan 31 10:31:45 cu-cs-vm kernel: [    0.000000] ACPI: LAPIC_NMI (acpi_id[0x67] high edge lint[0x1])
Jan 31 10:31:45 cu-cs-vm kernel: [    0.000000] ACPI: LAPIC_NMI (acpi_id[0x68] high edge lint[0x1])
Jan 31 10:31:45 cu-cs-vm kernel: [    0.000000] ACPI: LAPIC_NMI (acpi_id[0x69] high edge lint[0x1])
Jan 31 10:31:45 cu-cs-vm kernel: [    0.000000] ACPI: LAPIC_NMI (acpi_id[0x6a] high edge lint[0x1])
Jan 31 10:31:45 cu-cs-vm kernel: [    0.000000] ACPI: LAPIC_NMI (acpi_id[0x6b] high edge lint[0x1])
Jan 31 10:31:45 cu-cs-vm kernel: [    0.000000] ACPI: LAPIC_NMI (acpi_id[0x6c] high edge lint[0x1])
Jan 31 10:31:45 cu-cs-vm kernel: [    0.000000] ACPI: LAPIC_NMI (acpi_id[0x6d] high edge lint[0x1])
Jan 31 10:31:45 cu-cs-vm kernel: [    0.000000] ACPI: LAPIC_NMI (acpi_id[0x6e] high edge lint[0x1])
Jan 31 10:31:45 cu-cs-vm kernel: [    0.000000] ACPI: LAPIC_NMI (acpi_id[0x6f] high edge lint[0x1])
Jan 31 10:31:45 cu-cs-vm kernel: [    0.000000] ACPI: LAPIC_NMI (acpi_id[0x70] high edge lint[0x1])
Jan 31 10:31:45 cu-cs-vm kernel: [    0.000000] ACPI: LAPIC_NMI (acpi_id[0x71] high edge lint[0x1])
Jan 31 10:31:45 cu-cs-vm kernel: [    0.000000] ACPI: LAPIC_NMI (acpi_id[0x72] high edge lint[0x1])
Jan 31 10:31:45 cu-cs-vm kernel: [    0.000000] ACPI: LAPIC_NMI (acpi_id[0x73] high edge lint[0x1])
Jan 31 10:31:45 cu-cs-vm kernel: [    0.000000] ACPI: LAPIC_NMI (acpi_id[0x74] high edge lint[0x1])
Jan 31 10:31:45 cu-cs-vm kernel: [    0.000000] ACPI: LAPIC_NMI (acpi_id[0x75] high edge lint[0x1])
Jan 31 10:31:45 cu-cs-vm kernel: [    0.000000] ACPI: LAPIC_NMI (acpi_id[0x76] high edge lint[0x1])
Jan 31 10:31:45 cu-cs-vm kernel: [    0.000000] ACPI: LAPIC_NMI (acpi_id[0x77] high edge lint[0x1])
Jan 31 10:31:45 cu-cs-vm kernel: [    0.000000] ACPI: LAPIC_NMI (acpi_id[0x78] high edge lint[0x1])
Jan 31 10:31:45 cu-cs-vm kernel: [    0.000000] ACPI: LAPIC_NMI (acpi_id[0x79] high edge lint[0x1])
Jan 31 10:31:45 cu-cs-vm kernel: [    0.000000] ACPI: LAPIC_NMI (acpi_id[0x7a] high edge lint[0x1])
Jan 31 10:31:45 cu-cs-vm kernel: [    0.000000] ACPI: LAPIC_NMI (acpi_id[0x7b] high edge lint[0x1])
Jan 31 10:31:45 cu-cs-vm kernel: [    0.000000] ACPI: LAPIC_NMI (acpi_id[0x7c] high edge lint[0x1])
Jan 31 10:31:45 cu-cs-vm kernel: [    0.000000] ACPI: LAPIC_NMI (acpi_id[0x7d] high edge lint[0x1])
Jan 31 10:31:45 cu-cs-vm kernel: [    0.000000] ACPI: LAPIC_NMI (acpi_id[0x7e] high edge lint[0x1])
Jan 31 10:31:45 cu-cs-vm kernel: [    0.000000] ACPI: LAPIC_NMI (acpi_id[0x7f] high edge lint[0x1])
Jan 31 10:31:45 cu-cs-vm kernel: [    0.000000] IOAPIC[0]: apic_id 1, version 17, address 0xfec00000, GSI 0-23
Jan 31 10:31:45 cu-cs-vm kernel: [    0.000000] ACPI: INT_SRC_OVR (bus 0 bus_irq 0 global_irq 2 high edge)
Jan 31 10:31:45 cu-cs-vm kernel: [    0.000000] ACPI: IRQ0 used by override.
Jan 31 10:31:45 cu-cs-vm kernel: [    0.000000] ACPI: IRQ9 used by override.
Jan 31 10:31:45 cu-cs-vm kernel: [    0.000000] Using ACPI (MADT) for SMP configuration information
Jan 31 10:31:45 cu-cs-vm kernel: [    0.000000] smpboot: Allowing 128 CPUs, 126 hotplug CPUs
Jan 31 10:31:45 cu-cs-vm kernel: [    0.000000] PM: Registered nosave memory: [mem 0x00000000-0x00000fff]
Jan 31 10:31:45 cu-cs-vm kernel: [    0.000000] PM: Registered nosave memory: [mem 0x0009e000-0x0009efff]
Jan 31 10:31:45 cu-cs-vm kernel: [    0.000000] PM: Registered nosave memory: [mem 0x0009f000-0x0009ffff]
Jan 31 10:31:45 cu-cs-vm kernel: [    0.000000] PM: Registered nosave memory: [mem 0x000a0000-0x000dbfff]
Jan 31 10:31:45 cu-cs-vm kernel: [    0.000000] PM: Registered nosave memory: [mem 0x000dc000-0x000fffff]
Jan 31 10:31:45 cu-cs-vm kernel: [    0.000000] PM: Registered nosave memory: [mem 0x7fee0000-0x7fefefff]
Jan 31 10:31:45 cu-cs-vm kernel: [    0.000000] PM: Registered nosave memory: [mem 0x7feff000-0x7fefffff]
Jan 31 10:31:45 cu-cs-vm kernel: [    0.000000] e820: [mem 0x80000000-0xefffffff] available for PCI devices
Jan 31 10:31:45 cu-cs-vm kernel: [    0.000000] Booting paravirtualized kernel on VMware hypervisor
Jan 31 10:31:45 cu-cs-vm kernel: [    0.000000] clocksource: refined-jiffies: mask: 0xffffffff max_cycles: 0xffffffff, max_idle_ns: 7645519600211568 ns
Jan 31 10:31:45 cu-cs-vm kernel: [    0.000000] random: get_random_bytes called from start_kernel+0x99/0x51d with crng_init=0
Jan 31 10:31:45 cu-cs-vm kernel: [    0.000000] setup_percpu: NR_CPUS:8192 nr_cpumask_bits:128 nr_cpu_ids:128 nr_node_ids:1
Jan 31 10:31:45 cu-cs-vm kernel: [    0.000000] percpu: Embedded 45 pages/cpu s147456 r8192 d28672 u262144
Jan 31 10:31:45 cu-cs-vm kernel: [    0.000000] pcpu-alloc: s147456 r8192 d28672 u262144 alloc=1*2097152
Jan 31 10:31:45 cu-cs-vm kernel: [    0.000000] pcpu-alloc: [0] 000 001 002 003 004 005 006 007 
Jan 31 10:31:45 cu-cs-vm kernel: [    0.000000] pcpu-alloc: [0] 008 009 010 011 012 013 014 015 
Jan 31 10:31:45 cu-cs-vm kernel: [    0.000000] pcpu-alloc: [0] 016 017 018 019 020 021 022 023 
Jan 31 10:31:45 cu-cs-vm kernel: [    0.000000] pcpu-alloc: [0] 024 025 026 027 028 029 030 031 
Jan 31 10:31:45 cu-cs-vm kernel: [    0.000000] pcpu-alloc: [0] 032 033 034 035 036 037 038 039 
Jan 31 10:31:45 cu-cs-vm kernel: [    0.000000] pcpu-alloc: [0] 040 041 042 043 044 045 046 047 
Jan 31 10:31:45 cu-cs-vm kernel: [    0.000000] pcpu-alloc: [0] 048 049 050 051 052 053 054 055 
Jan 31 10:31:45 cu-cs-vm kernel: [    0.000000] pcpu-alloc: [0] 056 057 058 059 060 061 062 063 
Jan 31 10:31:45 cu-cs-vm kernel: [    0.000000] pcpu-alloc: [0] 064 065 066 067 068 069 070 071 
Jan 31 10:31:45 cu-cs-vm kernel: [    0.000000] pcpu-alloc: [0] 072 073 074 075 076 077 078 079 
Jan 31 10:31:45 cu-cs-vm kernel: [    0.000000] pcpu-alloc: [0] 080 081 082 083 084 085 086 087 
Jan 31 10:31:45 cu-cs-vm kernel: [    0.000000] pcpu-alloc: [0] 088 089 090 091 092 093 094 095 
Jan 31 10:31:45 cu-cs-vm kernel: [    0.000000] pcpu-alloc: [0] 096 097 098 099 100 101 102 103 
Jan 31 10:31:45 cu-cs-vm kernel: [    0.000000] pcpu-alloc: [0] 104 105 106 107 108 109 110 111 
Jan 31 10:31:45 cu-cs-vm kernel: [    0.000000] pcpu-alloc: [0] 112 113 114 115 116 117 118 119 
Jan 31 10:31:45 cu-cs-vm kernel: [    0.000000] pcpu-alloc: [0] 120 121 122 123 124 125 126 127 
Jan 31 10:31:45 cu-cs-vm kernel: [    0.000000] Built 1 zonelists, mobility grouping on.  Total pages: 515944
Jan 31 10:31:45 cu-cs-vm kernel: [    0.000000] Policy zone: DMA32
Jan 31 10:31:45 cu-cs-vm kernel: [    0.000000] Kernel command line: BOOT_IMAGE=/boot/vmlinuz-4.15.18finalrevision root=UUID=a7adc8c1-e02a-478b-93ad-c06e060e0176 ro
Jan 31 10:31:45 cu-cs-vm kernel: [    0.000000] log_buf_len individual max cpu contribution: 4096 bytes
Jan 31 10:31:45 cu-cs-vm kernel: [    0.000000] log_buf_len total cpu_extra contributions: 520192 bytes
Jan 31 10:31:45 cu-cs-vm kernel: [    0.000000] log_buf_len min size: 262144 bytes
Jan 31 10:31:45 cu-cs-vm kernel: [    0.000000] log_buf_len: 1048576 bytes
Jan 31 10:31:45 cu-cs-vm kernel: [    0.000000] early log buf free: 237032(90%)
Jan 31 10:31:45 cu-cs-vm kernel: [    0.000000] Calgary: detecting Calgary via BIOS EBDA area
Jan 31 10:31:45 cu-cs-vm kernel: [    0.000000] Calgary: Unable to locate Rio Grande table in EBDA - bailing!
Jan 31 10:31:45 cu-cs-vm kernel: [    0.000000] Memory: 1567084K/2096628K available (12300K kernel code, 2480K rwdata, 4132K rodata, 2428K init, 2704K bss, 529544K reserved, 0K cma-reserved)
Jan 31 10:31:45 cu-cs-vm kernel: [    0.000000] SLUB: HWalign=64, Order=0-3, MinObjects=0, CPUs=128, Nodes=1
Jan 31 10:31:45 cu-cs-vm kernel: [    0.000000] ftrace: allocating 39201 entries in 154 pages
Jan 31 10:31:45 cu-cs-vm kernel: [    0.004000] Hierarchical RCU implementation.
Jan 31 10:31:45 cu-cs-vm kernel: [    0.004000] 	RCU restricting CPUs from NR_CPUS=8192 to nr_cpu_ids=128.
Jan 31 10:31:45 cu-cs-vm kernel: [    0.004000] 	Tasks RCU enabled.
Jan 31 10:31:45 cu-cs-vm kernel: [    0.004000] RCU: Adjusting geometry for rcu_fanout_leaf=16, nr_cpu_ids=128
Jan 31 10:31:45 cu-cs-vm kernel: [    0.004000] NR_IRQS: 524544, nr_irqs: 1448, preallocated irqs: 16
Jan 31 10:31:45 cu-cs-vm kernel: [    0.004000] Console: colour VGA+ 80x25
Jan 31 10:31:45 cu-cs-vm kernel: [    0.004000] console [tty0] enabled
Jan 31 10:31:45 cu-cs-vm kernel: [    0.004000] ACPI: Core revision 20170831
Jan 31 10:31:45 cu-cs-vm kernel: [    0.004000] ACPI: 1 ACPI AML tables successfully acquired and loaded
Jan 31 10:31:45 cu-cs-vm kernel: [    0.004000] APIC: Switch to symmetric I/O mode setup
Jan 31 10:31:45 cu-cs-vm kernel: [    0.004000] x2apic enabled
Jan 31 10:31:45 cu-cs-vm kernel: [    0.004000] Switched APIC routing to physical x2apic.
Jan 31 10:31:45 cu-cs-vm kernel: [    0.004000] tsc: Detected 2303.682 MHz processor
Jan 31 10:31:45 cu-cs-vm kernel: [    0.004000] Calibrating delay loop (skipped) preset value.. 4607.36 BogoMIPS (lpj=9214728)
Jan 31 10:31:45 cu-cs-vm kernel: [    0.004000] pid_max: default: 131072 minimum: 1024
Jan 31 10:31:45 cu-cs-vm kernel: [    0.004000] Security Framework initialized
Jan 31 10:31:45 cu-cs-vm kernel: [    0.004000] Yama: becoming mindful.
Jan 31 10:31:45 cu-cs-vm kernel: [    0.004000] AppArmor: AppArmor initialized
Jan 31 10:31:45 cu-cs-vm kernel: [    0.004000] Dentry cache hash table entries: 262144 (order: 9, 2097152 bytes)
Jan 31 10:31:45 cu-cs-vm kernel: [    0.004000] Inode-cache hash table entries: 131072 (order: 8, 1048576 bytes)
Jan 31 10:31:45 cu-cs-vm kernel: [    0.004000] Mount-cache hash table entries: 4096 (order: 3, 32768 bytes)
Jan 31 10:31:45 cu-cs-vm kernel: [    0.004000] Mountpoint-cache hash table entries: 4096 (order: 3, 32768 bytes)
Jan 31 10:31:45 cu-cs-vm kernel: [    0.004000] Disabled fast string operations
Jan 31 10:31:45 cu-cs-vm kernel: [    0.004000] Last level iTLB entries: 4KB 64, 2MB 8, 4MB 8
Jan 31 10:31:45 cu-cs-vm kernel: [    0.004000] Last level dTLB entries: 4KB 64, 2MB 0, 4MB 0, 1GB 4
Jan 31 10:31:45 cu-cs-vm kernel: [    0.004000] Spectre V1 : Mitigation: usercopy/swapgs barriers and __user pointer sanitization
Jan 31 10:31:45 cu-cs-vm kernel: [    0.004000] Spectre V2 : Mitigation: Enhanced IBRS
Jan 31 10:31:45 cu-cs-vm kernel: [    0.004000] Spectre V2 : Spectre v2 / SpectreRSB mitigation: Filling RSB on context switch
Jan 31 10:31:45 cu-cs-vm kernel: [    0.004000] Spectre V2 : mitigation: Enabling conditional Indirect Branch Prediction Barrier
Jan 31 10:31:45 cu-cs-vm kernel: [    0.004000] Speculative Store Bypass: Mitigation: Speculative Store Bypass disabled via prctl and seccomp
Jan 31 10:31:45 cu-cs-vm kernel: [    0.004000] TAA: Vulnerable: Clear CPU buffers attempted, no microcode
Jan 31 10:31:45 cu-cs-vm kernel: [    0.004000] Freeing SMP alternatives memory: 36K
Jan 31 10:31:45 cu-cs-vm kernel: [    0.004000] TSC deadline timer enabled
Jan 31 10:31:45 cu-cs-vm kernel: [    0.004000] smpboot: CPU0: Intel(R) Core(TM) i9-9880H CPU @ 2.30GHz (family: 0x6, model: 0x9e, stepping: 0xd)
Jan 31 10:31:45 cu-cs-vm kernel: [    0.004000] Performance Events: Skylake events, core PMU driver.
Jan 31 10:31:45 cu-cs-vm kernel: [    0.004000] core: CPUID marked event: 'cpu cycles' unavailable
Jan 31 10:31:45 cu-cs-vm kernel: [    0.004000] core: CPUID marked event: 'instructions' unavailable
Jan 31 10:31:45 cu-cs-vm kernel: [    0.004000] core: CPUID marked event: 'bus cycles' unavailable
Jan 31 10:31:45 cu-cs-vm kernel: [    0.004000] core: CPUID marked event: 'cache references' unavailable
Jan 31 10:31:45 cu-cs-vm kernel: [    0.004000] core: CPUID marked event: 'cache misses' unavailable
Jan 31 10:31:45 cu-cs-vm kernel: [    0.004000] core: CPUID marked event: 'branch instructions' unavailable
Jan 31 10:31:45 cu-cs-vm kernel: [    0.004000] core: CPUID marked event: 'branch misses' unavailable
Jan 31 10:31:45 cu-cs-vm kernel: [    0.004000] ... version:                1
Jan 31 10:31:45 cu-cs-vm kernel: [    0.004000] ... bit width:              48
Jan 31 10:31:45 cu-cs-vm kernel: [    0.004000] ... generic registers:      4
Jan 31 10:31:45 cu-cs-vm kernel: [    0.004000] ... value mask:             0000ffffffffffff
Jan 31 10:31:45 cu-cs-vm kernel: [    0.004000] ... max period:             000000007fffffff
Jan 31 10:31:45 cu-cs-vm kernel: [    0.004000] ... fixed-purpose events:   0
Jan 31 10:31:45 cu-cs-vm kernel: [    0.004000] ... event mask:             000000000000000f
Jan 31 10:31:45 cu-cs-vm kernel: [    0.004000] Hierarchical SRCU implementation.
Jan 31 10:31:45 cu-cs-vm kernel: [    0.004000] NMI watchdog: Perf event create on CPU 0 failed with -2
Jan 31 10:31:45 cu-cs-vm kernel: [    0.004003] NMI watchdog: Perf NMI watchdog permanently disabled
Jan 31 10:31:45 cu-cs-vm kernel: [    0.024316] smp: Bringing up secondary CPUs ...
Jan 31 10:31:45 cu-cs-vm kernel: [    0.025410] x86: Booting SMP configuration:
Jan 31 10:31:45 cu-cs-vm kernel: [    0.025512] .... node  #0, CPUs:          #1
Jan 31 10:31:45 cu-cs-vm kernel: [    0.004000] Disabled fast string operations
Jan 31 10:31:45 cu-cs-vm kernel: [    0.004000] smpboot: CPU 1 Converting physical 2 to logical package 1
Jan 31 10:31:45 cu-cs-vm kernel: [    0.026273] smp: Brought up 1 node, 2 CPUs
Jan 31 10:31:45 cu-cs-vm kernel: [    0.026273] smpboot: Max logical packages: 128
Jan 31 10:31:45 cu-cs-vm kernel: [    0.026273] smpboot: Total of 2 processors activated (9214.72 BogoMIPS)
Jan 31 10:31:45 cu-cs-vm kernel: [    0.029018] devtmpfs: initialized
Jan 31 10:31:45 cu-cs-vm kernel: [    0.029018] x86/mm: Memory block size: 128MB
Jan 31 10:31:45 cu-cs-vm kernel: [    0.029018] evm: security.selinux
Jan 31 10:31:45 cu-cs-vm kernel: [    0.029018] evm: security.SMACK64
Jan 31 10:31:45 cu-cs-vm kernel: [    0.029018] evm: security.SMACK64EXEC
Jan 31 10:31:45 cu-cs-vm kernel: [    0.029018] evm: security.SMACK64TRANSMUTE
Jan 31 10:31:45 cu-cs-vm kernel: [    0.029057] evm: security.SMACK64MMAP
Jan 31 10:31:45 cu-cs-vm kernel: [    0.029097] evm: security.apparmor
Jan 31 10:31:45 cu-cs-vm kernel: [    0.029134] evm: security.ima
Jan 31 10:31:45 cu-cs-vm kernel: [    0.029169] evm: security.capability
Jan 31 10:31:45 cu-cs-vm kernel: [    0.029348] PM: Registering ACPI NVS region [mem 0x7feff000-0x7fefffff] (4096 bytes)
Jan 31 10:31:45 cu-cs-vm kernel: [    0.029348] clocksource: jiffies: mask: 0xffffffff max_cycles: 0xffffffff, max_idle_ns: 7645041785100000 ns
Jan 31 10:31:45 cu-cs-vm kernel: [    0.029348] futex hash table entries: 32768 (order: 9, 2097152 bytes)
Jan 31 10:31:45 cu-cs-vm kernel: [    0.044486] pinctrl core: initialized pinctrl subsystem
Jan 31 10:31:45 cu-cs-vm kernel: [    0.044825] RTC time: 17:31:31, date: 01/31/20
Jan 31 10:31:45 cu-cs-vm kernel: [    0.045553] NET: Registered protocol family 16
Jan 31 10:31:45 cu-cs-vm kernel: [    0.045741] audit: initializing netlink subsys (disabled)
Jan 31 10:31:45 cu-cs-vm kernel: [    0.045956] audit: type=2000 audit(1580491891.044:1): state=initialized audit_enabled=0 res=1
Jan 31 10:31:45 cu-cs-vm kernel: [    0.045956] cpuidle: using governor ladder
Jan 31 10:31:45 cu-cs-vm kernel: [    0.045956] cpuidle: using governor menu
Jan 31 10:31:45 cu-cs-vm kernel: [    0.045956] Simple Boot Flag at 0x36 set to 0x80
Jan 31 10:31:45 cu-cs-vm kernel: [    0.045956] ACPI: bus type PCI registered
Jan 31 10:31:45 cu-cs-vm kernel: [    0.045956] acpiphp: ACPI Hot Plug PCI Controller Driver version: 0.5
Jan 31 10:31:45 cu-cs-vm kernel: [    0.045956] PCI: MMCONFIG for domain 0000 [bus 00-7f] at [mem 0xf0000000-0xf7ffffff] (base 0xf0000000)
Jan 31 10:31:45 cu-cs-vm kernel: [    0.045956] PCI: MMCONFIG at [mem 0xf0000000-0xf7ffffff] reserved in E820
Jan 31 10:31:45 cu-cs-vm kernel: [    0.045956] PCI: Using configuration type 1 for base access
Jan 31 10:31:45 cu-cs-vm kernel: [    0.049440] HugeTLB registered 1.00 GiB page size, pre-allocated 0 pages
Jan 31 10:31:45 cu-cs-vm kernel: [    0.049440] HugeTLB registered 2.00 MiB page size, pre-allocated 0 pages
Jan 31 10:31:45 cu-cs-vm kernel: [    0.052327] ACPI: Added _OSI(Module Device)
Jan 31 10:31:45 cu-cs-vm kernel: [    0.052374] ACPI: Added _OSI(Processor Device)
Jan 31 10:31:45 cu-cs-vm kernel: [    0.052419] ACPI: Added _OSI(3.0 _SCP Extensions)
Jan 31 10:31:45 cu-cs-vm kernel: [    0.052466] ACPI: Added _OSI(Processor Aggregator Device)
Jan 31 10:31:45 cu-cs-vm kernel: [    0.052534] ACPI: Added _OSI(Linux-Dell-Video)
Jan 31 10:31:45 cu-cs-vm kernel: [    0.052580] ACPI: Added _OSI(Linux-Lenovo-NV-HDMI-Audio)
Jan 31 10:31:45 cu-cs-vm kernel: [    0.052632] ACPI: Added _OSI(Linux-HPI-Hybrid-Graphics)
Jan 31 10:31:45 cu-cs-vm kernel: [    0.057788] ACPI: [Firmware Bug]: BIOS _OSI(Linux) query ignored
Jan 31 10:31:45 cu-cs-vm kernel: [    0.078633] ACPI: Interpreter enabled
Jan 31 10:31:45 cu-cs-vm kernel: [    0.078690] ACPI: (supports S0 S1 S4 S5)
Jan 31 10:31:45 cu-cs-vm kernel: [    0.078732] ACPI: Using IOAPIC for interrupt routing
Jan 31 10:31:45 cu-cs-vm kernel: [    0.078804] PCI: Using host bridge windows from ACPI; if necessary, use "pci=nocrs" and report a bug
Jan 31 10:31:45 cu-cs-vm kernel: [    0.079589] ACPI: Enabled 4 GPEs in block 00 to 0F
Jan 31 10:31:45 cu-cs-vm kernel: [    0.173489] ACPI: PCI Root Bridge [PCI0] (domain 0000 [bus 00-7f])
Jan 31 10:31:45 cu-cs-vm kernel: [    0.173559] acpi PNP0A03:00: _OSC: OS supports [ExtendedConfig ASPM ClockPM Segments MSI]
Jan 31 10:31:45 cu-cs-vm kernel: [    0.173850] acpi PNP0A03:00: _OSC: platform does not support [AER]
Jan 31 10:31:45 cu-cs-vm kernel: [    0.174102] acpi PNP0A03:00: _OSC: OS now controls [PCIeHotplug PME PCIeCapability]
Jan 31 10:31:45 cu-cs-vm kernel: [    0.176491] PCI host bridge to bus 0000:00
Jan 31 10:31:45 cu-cs-vm kernel: [    0.176539] pci_bus 0000:00: root bus resource [mem 0x000a0000-0x000bffff window]
Jan 31 10:31:45 cu-cs-vm kernel: [    0.176611] pci_bus 0000:00: root bus resource [mem 0x000cc000-0x000cffff window]
Jan 31 10:31:45 cu-cs-vm kernel: [    0.176683] pci_bus 0000:00: root bus resource [mem 0x000d0000-0x000d3fff window]
Jan 31 10:31:45 cu-cs-vm kernel: [    0.176754] pci_bus 0000:00: root bus resource [mem 0x000d4000-0x000d7fff window]
Jan 31 10:31:45 cu-cs-vm kernel: [    0.176826] pci_bus 0000:00: root bus resource [mem 0x000d8000-0x000dbfff window]
Jan 31 10:31:45 cu-cs-vm kernel: [    0.176898] pci_bus 0000:00: root bus resource [mem 0xc0000000-0xfebfffff window]
Jan 31 10:31:45 cu-cs-vm kernel: [    0.176970] pci_bus 0000:00: root bus resource [io  0x0000-0x0cf7 window]
Jan 31 10:31:45 cu-cs-vm kernel: [    0.177034] pci_bus 0000:00: root bus resource [io  0x0d00-0xfeff window]
Jan 31 10:31:45 cu-cs-vm kernel: [    0.177099] pci_bus 0000:00: root bus resource [bus 00-7f]
Jan 31 10:31:45 cu-cs-vm kernel: [    0.177212] pci 0000:00:00.0: [8086:7190] type 00 class 0x060000
Jan 31 10:31:45 cu-cs-vm kernel: [    0.178071] pci 0000:00:01.0: [8086:7191] type 01 class 0x060400
Jan 31 10:31:45 cu-cs-vm kernel: [    0.178717] pci 0000:00:07.0: [8086:7110] type 00 class 0x060100
Jan 31 10:31:45 cu-cs-vm kernel: [    0.179992] pci 0000:00:07.1: [8086:7111] type 00 class 0x01018a
Jan 31 10:31:45 cu-cs-vm kernel: [    0.181679] pci 0000:00:07.1: reg 0x20: [io  0x1060-0x106f]
Jan 31 10:31:45 cu-cs-vm kernel: [    0.182117] pci 0000:00:07.1: legacy IDE quirk: reg 0x10: [io  0x01f0-0x01f7]
Jan 31 10:31:45 cu-cs-vm kernel: [    0.182203] pci 0000:00:07.1: legacy IDE quirk: reg 0x14: [io  0x03f6]
Jan 31 10:31:45 cu-cs-vm kernel: [    0.182266] pci 0000:00:07.1: legacy IDE quirk: reg 0x18: [io  0x0170-0x0177]
Jan 31 10:31:45 cu-cs-vm kernel: [    0.182335] pci 0000:00:07.1: legacy IDE quirk: reg 0x1c: [io  0x0376]
Jan 31 10:31:45 cu-cs-vm kernel: [    0.182827] pci 0000:00:07.3: [8086:7113] type 00 class 0x068000
Jan 31 10:31:45 cu-cs-vm kernel: [    0.184664] pci 0000:00:07.3: quirk: [io  0x1000-0x103f] claimed by PIIX4 ACPI
Jan 31 10:31:45 cu-cs-vm kernel: [    0.184756] pci 0000:00:07.3: quirk: [io  0x1040-0x104f] claimed by PIIX4 SMB
Jan 31 10:31:45 cu-cs-vm kernel: [    0.185253] pci 0000:00:07.7: [15ad:0740] type 00 class 0x088000
Jan 31 10:31:45 cu-cs-vm kernel: [    0.185824] pci 0000:00:07.7: reg 0x10: [io  0x1080-0x10bf]
Jan 31 10:31:45 cu-cs-vm kernel: [    0.186263] pci 0000:00:07.7: reg 0x14: [mem 0xfebfe000-0xfebfffff 64bit]
Jan 31 10:31:45 cu-cs-vm kernel: [    0.189982] pci 0000:00:0f.0: [15ad:0405] type 00 class 0x030000
Jan 31 10:31:45 cu-cs-vm kernel: [    0.191290] pci 0000:00:0f.0: reg 0x10: [io  0x1070-0x107f]
Jan 31 10:31:45 cu-cs-vm kernel: [    0.192004] pci 0000:00:0f.0: reg 0x14: [mem 0xe8000000-0xefffffff pref]
Jan 31 10:31:45 cu-cs-vm kernel: [    0.193054] pci 0000:00:0f.0: reg 0x18: [mem 0xfe000000-0xfe7fffff]
Jan 31 10:31:45 cu-cs-vm kernel: [    0.198328] pci 0000:00:0f.0: reg 0x30: [mem 0x00000000-0x00007fff pref]
Jan 31 10:31:45 cu-cs-vm kernel: [    0.198937] pci 0000:00:10.0: [1000:0030] type 00 class 0x010000
Jan 31 10:31:45 cu-cs-vm kernel: [    0.200005] pci 0000:00:10.0: reg 0x10: [io  0x1400-0x14ff]
Jan 31 10:31:45 cu-cs-vm kernel: [    0.200663] pci 0000:00:10.0: reg 0x14: [mem 0xfeba0000-0xfebbffff 64bit]
Jan 31 10:31:45 cu-cs-vm kernel: [    0.201311] pci 0000:00:10.0: reg 0x1c: [mem 0xfebc0000-0xfebdffff 64bit]
Jan 31 10:31:45 cu-cs-vm kernel: [    0.203107] pci 0000:00:10.0: reg 0x30: [mem 0x00000000-0x00003fff pref]
Jan 31 10:31:45 cu-cs-vm kernel: [    0.203721] pci 0000:00:11.0: [15ad:0790] type 01 class 0x060401
Jan 31 10:31:45 cu-cs-vm kernel: [    0.204772] pci 0000:00:15.0: [15ad:07a0] type 01 class 0x060400
Jan 31 10:31:45 cu-cs-vm kernel: [    0.205920] pci 0000:00:15.0: PME# supported from D0 D3hot D3cold
Jan 31 10:31:45 cu-cs-vm kernel: [    0.206341] pci 0000:00:15.1: [15ad:07a0] type 01 class 0x060400
Jan 31 10:31:45 cu-cs-vm kernel: [    0.207334] pci 0000:00:15.1: PME# supported from D0 D3hot D3cold
Jan 31 10:31:45 cu-cs-vm kernel: [    0.207702] pci 0000:00:15.2: [15ad:07a0] type 01 class 0x060400
Jan 31 10:31:45 cu-cs-vm kernel: [    0.208689] pci 0000:00:15.2: PME# supported from D0 D3hot D3cold
Jan 31 10:31:45 cu-cs-vm kernel: [    0.209317] pci 0000:00:15.3: [15ad:07a0] type 01 class 0x060400
Jan 31 10:31:45 cu-cs-vm kernel: [    0.210306] pci 0000:00:15.3: PME# supported from D0 D3hot D3cold
Jan 31 10:31:45 cu-cs-vm kernel: [    0.210866] pci 0000:00:15.4: [15ad:07a0] type 01 class 0x060400
Jan 31 10:31:45 cu-cs-vm kernel: [    0.211932] pci 0000:00:15.4: PME# supported from D0 D3hot D3cold
Jan 31 10:31:45 cu-cs-vm kernel: [    0.212346] pci 0000:00:15.5: [15ad:07a0] type 01 class 0x060400
Jan 31 10:31:45 cu-cs-vm kernel: [    0.213369] pci 0000:00:15.5: PME# supported from D0 D3hot D3cold
Jan 31 10:31:45 cu-cs-vm kernel: [    0.213784] pci 0000:00:15.6: [15ad:07a0] type 01 class 0x060400
Jan 31 10:31:45 cu-cs-vm kernel: [    0.214777] pci 0000:00:15.6: PME# supported from D0 D3hot D3cold
Jan 31 10:31:45 cu-cs-vm kernel: [    0.215194] pci 0000:00:15.7: [15ad:07a0] type 01 class 0x060400
Jan 31 10:31:45 cu-cs-vm kernel: [    0.216194] pci 0000:00:15.7: PME# supported from D0 D3hot D3cold
Jan 31 10:31:45 cu-cs-vm kernel: [    0.216603] pci 0000:00:16.0: [15ad:07a0] type 01 class 0x060400
Jan 31 10:31:45 cu-cs-vm kernel: [    0.217594] pci 0000:00:16.0: PME# supported from D0 D3hot D3cold
Jan 31 10:31:45 cu-cs-vm kernel: [    0.217960] pci 0000:00:16.1: [15ad:07a0] type 01 class 0x060400
Jan 31 10:31:45 cu-cs-vm kernel: [    0.219314] pci 0000:00:16.1: PME# supported from D0 D3hot D3cold
Jan 31 10:31:45 cu-cs-vm kernel: [    0.219727] pci 0000:00:16.2: [15ad:07a0] type 01 class 0x060400
Jan 31 10:31:45 cu-cs-vm kernel: [    0.220717] pci 0000:00:16.2: PME# supported from D0 D3hot D3cold
Jan 31 10:31:45 cu-cs-vm kernel: [    0.221298] pci 0000:00:16.3: [15ad:07a0] type 01 class 0x060400
Jan 31 10:31:45 cu-cs-vm kernel: [    0.222347] pci 0000:00:16.3: PME# supported from D0 D3hot D3cold
Jan 31 10:31:45 cu-cs-vm kernel: [    0.222761] pci 0000:00:16.4: [15ad:07a0] type 01 class 0x060400
Jan 31 10:31:45 cu-cs-vm kernel: [    0.223784] pci 0000:00:16.4: PME# supported from D0 D3hot D3cold
Jan 31 10:31:45 cu-cs-vm kernel: [    0.224218] pci 0000:00:16.5: [15ad:07a0] type 01 class 0x060400
Jan 31 10:31:45 cu-cs-vm kernel: [    0.225507] pci 0000:00:16.5: PME# supported from D0 D3hot D3cold
Jan 31 10:31:45 cu-cs-vm kernel: [    0.225941] pci 0000:00:16.6: [15ad:07a0] type 01 class 0x060400
Jan 31 10:31:45 cu-cs-vm kernel: [    0.227742] pci 0000:00:16.6: PME# supported from D0 D3hot D3cold
Jan 31 10:31:45 cu-cs-vm kernel: [    0.228461] pci 0000:00:16.7: [15ad:07a0] type 01 class 0x060400
Jan 31 10:31:45 cu-cs-vm kernel: [    0.229637] pci 0000:00:16.7: PME# supported from D0 D3hot D3cold
Jan 31 10:31:45 cu-cs-vm kernel: [    0.230393] pci 0000:00:17.0: [15ad:07a0] type 01 class 0x060400
Jan 31 10:31:45 cu-cs-vm kernel: [    0.231607] pci 0000:00:17.0: PME# supported from D0 D3hot D3cold
Jan 31 10:31:45 cu-cs-vm kernel: [    0.232057] pci 0000:00:17.1: [15ad:07a0] type 01 class 0x060400
Jan 31 10:31:45 cu-cs-vm kernel: [    0.233173] pci 0000:00:17.1: PME# supported from D0 D3hot D3cold
Jan 31 10:31:45 cu-cs-vm kernel: [    0.233591] pci 0000:00:17.2: [15ad:07a0] type 01 class 0x060400
Jan 31 10:31:45 cu-cs-vm kernel: [    0.234791] pci 0000:00:17.2: PME# supported from D0 D3hot D3cold
Jan 31 10:31:45 cu-cs-vm kernel: [    0.235688] pci 0000:00:17.3: [15ad:07a0] type 01 class 0x060400
Jan 31 10:31:45 cu-cs-vm kernel: [    0.236880] pci 0000:00:17.3: PME# supported from D0 D3hot D3cold
Jan 31 10:31:45 cu-cs-vm kernel: [    0.237433] pci 0000:00:17.4: [15ad:07a0] type 01 class 0x060400
Jan 31 10:31:45 cu-cs-vm kernel: [    0.239016] pci 0000:00:17.4: PME# supported from D0 D3hot D3cold
Jan 31 10:31:45 cu-cs-vm kernel: [    0.239528] pci 0000:00:17.5: [15ad:07a0] type 01 class 0x060400
Jan 31 10:31:45 cu-cs-vm kernel: [    0.240609] pci 0000:00:17.5: PME# supported from D0 D3hot D3cold
Jan 31 10:31:45 cu-cs-vm kernel: [    0.241093] pci 0000:00:17.6: [15ad:07a0] type 01 class 0x060400
Jan 31 10:31:45 cu-cs-vm kernel: [    0.242174] pci 0000:00:17.6: PME# supported from D0 D3hot D3cold
Jan 31 10:31:45 cu-cs-vm kernel: [    0.242803] pci 0000:00:17.7: [15ad:07a0] type 01 class 0x060400
Jan 31 10:31:45 cu-cs-vm kernel: [    0.244988] pci 0000:00:17.7: PME# supported from D0 D3hot D3cold
Jan 31 10:31:45 cu-cs-vm kernel: [    0.245565] pci 0000:00:18.0: [15ad:07a0] type 01 class 0x060400
Jan 31 10:31:45 cu-cs-vm kernel: [    0.246715] pci 0000:00:18.0: PME# supported from D0 D3hot D3cold
Jan 31 10:31:45 cu-cs-vm kernel: [    0.247151] pci 0000:00:18.1: [15ad:07a0] type 01 class 0x060400
Jan 31 10:31:45 cu-cs-vm kernel: [    0.248237] pci 0000:00:18.1: PME# supported from D0 D3hot D3cold
Jan 31 10:31:45 cu-cs-vm kernel: [    0.248691] pci 0000:00:18.2: [15ad:07a0] type 01 class 0x060400
Jan 31 10:31:45 cu-cs-vm kernel: [    0.249787] pci 0000:00:18.2: PME# supported from D0 D3hot D3cold
Jan 31 10:31:45 cu-cs-vm kernel: [    0.250457] pci 0000:00:18.3: [15ad:07a0] type 01 class 0x060400
Jan 31 10:31:45 cu-cs-vm kernel: [    0.251807] pci 0000:00:18.3: PME# supported from D0 D3hot D3cold
Jan 31 10:31:45 cu-cs-vm kernel: [    0.252399] pci 0000:00:18.4: [15ad:07a0] type 01 class 0x060400
Jan 31 10:31:45 cu-cs-vm kernel: [    0.253457] pci 0000:00:18.4: PME# supported from D0 D3hot D3cold
Jan 31 10:31:45 cu-cs-vm kernel: [    0.253877] pci 0000:00:18.5: [15ad:07a0] type 01 class 0x060400
Jan 31 10:31:45 cu-cs-vm kernel: [    0.255122] pci 0000:00:18.5: PME# supported from D0 D3hot D3cold
Jan 31 10:31:45 cu-cs-vm kernel: [    0.255601] pci 0000:00:18.6: [15ad:07a0] type 01 class 0x060400
Jan 31 10:31:45 cu-cs-vm kernel: [    0.256702] pci 0000:00:18.6: PME# supported from D0 D3hot D3cold
Jan 31 10:31:45 cu-cs-vm kernel: [    0.257182] pci 0000:00:18.7: [15ad:07a0] type 01 class 0x060400
Jan 31 10:31:45 cu-cs-vm kernel: [    0.258342] pci 0000:00:18.7: PME# supported from D0 D3hot D3cold
Jan 31 10:31:45 cu-cs-vm kernel: [    0.259040] pci 0000:00:01.0: PCI bridge to [bus 01]
Jan 31 10:31:45 cu-cs-vm kernel: [    0.259736] acpiphp: Slot [32] registered
Jan 31 10:31:45 cu-cs-vm kernel: [    0.259839] acpiphp: Slot [33] registered
Jan 31 10:31:45 cu-cs-vm kernel: [    0.259935] acpiphp: Slot [34] registered
Jan 31 10:31:45 cu-cs-vm kernel: [    0.260040] acpiphp: Slot [35] registered
Jan 31 10:31:45 cu-cs-vm kernel: [    0.260219] acpiphp: Slot [36] registered
Jan 31 10:31:45 cu-cs-vm kernel: [    0.260317] acpiphp: Slot [37] registered
Jan 31 10:31:45 cu-cs-vm kernel: [    0.260414] acpiphp: Slot [38] registered
Jan 31 10:31:45 cu-cs-vm kernel: [    0.260512] acpiphp: Slot [39] registered
Jan 31 10:31:45 cu-cs-vm kernel: [    0.260659] acpiphp: Slot [40] registered
Jan 31 10:31:45 cu-cs-vm kernel: [    0.260754] acpiphp: Slot [41] registered
Jan 31 10:31:45 cu-cs-vm kernel: [    0.260851] acpiphp: Slot [42] registered
Jan 31 10:31:45 cu-cs-vm kernel: [    0.260949] acpiphp: Slot [43] registered
Jan 31 10:31:45 cu-cs-vm kernel: [    0.261049] acpiphp: Slot [44] registered
Jan 31 10:31:45 cu-cs-vm kernel: [    0.261199] acpiphp: Slot [45] registered
Jan 31 10:31:45 cu-cs-vm kernel: [    0.261295] acpiphp: Slot [46] registered
Jan 31 10:31:45 cu-cs-vm kernel: [    0.261394] acpiphp: Slot [47] registered
Jan 31 10:31:45 cu-cs-vm kernel: [    0.261539] acpiphp: Slot [48] registered
Jan 31 10:31:45 cu-cs-vm kernel: [    0.261706] acpiphp: Slot [49] registered
Jan 31 10:31:45 cu-cs-vm kernel: [    0.261802] acpiphp: Slot [50] registered
Jan 31 10:31:45 cu-cs-vm kernel: [    0.261898] acpiphp: Slot [51] registered
Jan 31 10:31:45 cu-cs-vm kernel: [    0.262040] acpiphp: Slot [52] registered
Jan 31 10:31:45 cu-cs-vm kernel: [    0.262139] acpiphp: Slot [53] registered
Jan 31 10:31:45 cu-cs-vm kernel: [    0.262234] acpiphp: Slot [54] registered
Jan 31 10:31:45 cu-cs-vm kernel: [    0.262339] acpiphp: Slot [55] registered
Jan 31 10:31:45 cu-cs-vm kernel: [    0.262435] acpiphp: Slot [56] registered
Jan 31 10:31:45 cu-cs-vm kernel: [    0.262535] acpiphp: Slot [57] registered
Jan 31 10:31:45 cu-cs-vm kernel: [    0.262662] acpiphp: Slot [58] registered
Jan 31 10:31:45 cu-cs-vm kernel: [    0.262758] acpiphp: Slot [59] registered
Jan 31 10:31:45 cu-cs-vm kernel: [    0.262902] acpiphp: Slot [60] registered
Jan 31 10:31:45 cu-cs-vm kernel: [    0.263000] acpiphp: Slot [61] registered
Jan 31 10:31:45 cu-cs-vm kernel: [    0.263099] acpiphp: Slot [62] registered
Jan 31 10:31:45 cu-cs-vm kernel: [    0.263199] acpiphp: Slot [63] registered
Jan 31 10:31:45 cu-cs-vm kernel: [    0.263339] pci 0000:02:00.0: [15ad:0774] type 00 class 0x0c0300
Jan 31 10:31:45 cu-cs-vm kernel: [    0.264825] pci 0000:02:00.0: reg 0x20: [io  0x2040-0x205f]
Jan 31 10:31:45 cu-cs-vm kernel: [    0.265884] pci 0000:02:01.0: [8086:100f] type 00 class 0x020000
Jan 31 10:31:45 cu-cs-vm kernel: [    0.267313] pci 0000:02:01.0: reg 0x10: [mem 0xfd5c0000-0xfd5dffff 64bit]
Jan 31 10:31:45 cu-cs-vm kernel: [    0.268372] pci 0000:02:01.0: reg 0x18: [mem 0xfdff0000-0xfdffffff 64bit]
Jan 31 10:31:45 cu-cs-vm kernel: [    0.269350] pci 0000:02:01.0: reg 0x20: [io  0x2000-0x203f]
Jan 31 10:31:45 cu-cs-vm kernel: [    0.271120] pci 0000:02:01.0: reg 0x30: [mem 0x00000000-0x0000ffff pref]
Jan 31 10:31:45 cu-cs-vm kernel: [    0.271529] pci 0000:02:01.0: PME# supported from D0 D3hot D3cold
Jan 31 10:31:45 cu-cs-vm kernel: [    0.271804] pci 0000:02:02.0: [15ad:0770] type 00 class 0x0c0320
Jan 31 10:31:45 cu-cs-vm kernel: [    0.272252] pci 0000:02:02.0: reg 0x10: [mem 0xfd5ef000-0xfd5effff]
Jan 31 10:31:45 cu-cs-vm kernel: [    0.276940] pci 0000:02:04.0: [15ad:07e0] type 00 class 0x010601
Jan 31 10:31:45 cu-cs-vm kernel: [    0.280026] pci 0000:02:04.0: reg 0x24: [mem 0xfd5ee000-0xfd5eefff]
Jan 31 10:31:45 cu-cs-vm kernel: [    0.280418] pci 0000:02:04.0: reg 0x30: [mem 0x00000000-0x0000ffff pref]
Jan 31 10:31:45 cu-cs-vm kernel: [    0.281116] pci 0000:02:04.0: PME# supported from D3hot
Jan 31 10:31:45 cu-cs-vm kernel: [    0.281783] pci 0000:00:11.0: PCI bridge to [bus 02] (subtractive decode)
Jan 31 10:31:45 cu-cs-vm kernel: [    0.281940] pci 0000:00:11.0:   bridge window [io  0x2000-0x3fff]
Jan 31 10:31:45 cu-cs-vm kernel: [    0.281969] pci 0000:00:11.0:   bridge window [mem 0xfd500000-0xfdffffff]
Jan 31 10:31:45 cu-cs-vm kernel: [    0.282021] pci 0000:00:11.0:   bridge window [mem 0xe7b00000-0xe7ffffff 64bit pref]
Jan 31 10:31:45 cu-cs-vm kernel: [    0.282023] pci 0000:00:11.0:   bridge window [mem 0x000a0000-0x000bffff window] (subtractive decode)
Jan 31 10:31:45 cu-cs-vm kernel: [    0.282023] pci 0000:00:11.0:   bridge window [mem 0x000cc000-0x000cffff window] (subtractive decode)
Jan 31 10:31:45 cu-cs-vm kernel: [    0.282024] pci 0000:00:11.0:   bridge window [mem 0x000d0000-0x000d3fff window] (subtractive decode)
Jan 31 10:31:45 cu-cs-vm kernel: [    0.282024] pci 0000:00:11.0:   bridge window [mem 0x000d4000-0x000d7fff window] (subtractive decode)
Jan 31 10:31:45 cu-cs-vm kernel: [    0.282025] pci 0000:00:11.0:   bridge window [mem 0x000d8000-0x000dbfff window] (subtractive decode)
Jan 31 10:31:45 cu-cs-vm kernel: [    0.282025] pci 0000:00:11.0:   bridge window [mem 0xc0000000-0xfebfffff window] (subtractive decode)
Jan 31 10:31:45 cu-cs-vm kernel: [    0.282026] pci 0000:00:11.0:   bridge window [io  0x0000-0x0cf7 window] (subtractive decode)
Jan 31 10:31:45 cu-cs-vm kernel: [    0.282026] pci 0000:00:11.0:   bridge window [io  0x0d00-0xfeff window] (subtractive decode)
Jan 31 10:31:45 cu-cs-vm kernel: [    0.282461] pci 0000:00:15.0: PCI bridge to [bus 03]
Jan 31 10:31:45 cu-cs-vm kernel: [    0.282544] pci 0000:00:15.0:   bridge window [io  0x4000-0x4fff]
Jan 31 10:31:45 cu-cs-vm kernel: [    0.282568] pci 0000:00:15.0:   bridge window [mem 0xfd400000-0xfd4fffff]
Jan 31 10:31:45 cu-cs-vm kernel: [    0.282645] pci 0000:00:15.0:   bridge window [mem 0xe7a00000-0xe7afffff 64bit pref]
Jan 31 10:31:45 cu-cs-vm kernel: [    0.283215] pci 0000:00:15.1: PCI bridge to [bus 04]
Jan 31 10:31:45 cu-cs-vm kernel: [    0.283298] pci 0000:00:15.1:   bridge window [io  0x8000-0x8fff]
Jan 31 10:31:45 cu-cs-vm kernel: [    0.283322] pci 0000:00:15.1:   bridge window [mem 0xfd000000-0xfd0fffff]
Jan 31 10:31:45 cu-cs-vm kernel: [    0.283421] pci 0000:00:15.1:   bridge window [mem 0xe7600000-0xe76fffff 64bit pref]
Jan 31 10:31:45 cu-cs-vm kernel: [    0.283802] pci 0000:00:15.2: PCI bridge to [bus 05]
Jan 31 10:31:45 cu-cs-vm kernel: [    0.283884] pci 0000:00:15.2:   bridge window [io  0xc000-0xcfff]
Jan 31 10:31:45 cu-cs-vm kernel: [    0.283913] pci 0000:00:15.2:   bridge window [mem 0xfcc00000-0xfccfffff]
Jan 31 10:31:45 cu-cs-vm kernel: [    0.283965] pci 0000:00:15.2:   bridge window [mem 0xe7200000-0xe72fffff 64bit pref]
Jan 31 10:31:45 cu-cs-vm kernel: [    0.284446] pci 0000:00:15.3: PCI bridge to [bus 06]
Jan 31 10:31:45 cu-cs-vm kernel: [    0.284553] pci 0000:00:15.3:   bridge window [mem 0xfc800000-0xfc8fffff]
Jan 31 10:31:45 cu-cs-vm kernel: [    0.284606] pci 0000:00:15.3:   bridge window [mem 0xe6e00000-0xe6efffff 64bit pref]
Jan 31 10:31:45 cu-cs-vm kernel: [    0.285162] pci 0000:00:15.4: PCI bridge to [bus 07]
Jan 31 10:31:45 cu-cs-vm kernel: [    0.285267] pci 0000:00:15.4:   bridge window [mem 0xfc400000-0xfc4fffff]
Jan 31 10:31:45 cu-cs-vm kernel: [    0.285319] pci 0000:00:15.4:   bridge window [mem 0xe6a00000-0xe6afffff 64bit pref]
Jan 31 10:31:45 cu-cs-vm kernel: [    0.285853] pci 0000:00:15.5: PCI bridge to [bus 08]
Jan 31 10:31:45 cu-cs-vm kernel: [    0.285963] pci 0000:00:15.5:   bridge window [mem 0xfc000000-0xfc0fffff]
Jan 31 10:31:45 cu-cs-vm kernel: [    0.286015] pci 0000:00:15.5:   bridge window [mem 0xe6600000-0xe66fffff 64bit pref]
Jan 31 10:31:45 cu-cs-vm kernel: [    0.286428] pci 0000:00:15.6: PCI bridge to [bus 09]
Jan 31 10:31:45 cu-cs-vm kernel: [    0.286594] pci 0000:00:15.6:   bridge window [mem 0xfbc00000-0xfbcfffff]
Jan 31 10:31:45 cu-cs-vm kernel: [    0.286705] pci 0000:00:15.6:   bridge window [mem 0xe6200000-0xe62fffff 64bit pref]
Jan 31 10:31:45 cu-cs-vm kernel: [    0.287133] pci 0000:00:15.7: PCI bridge to [bus 0a]
Jan 31 10:31:45 cu-cs-vm kernel: [    0.287238] pci 0000:00:15.7:   bridge window [mem 0xfb800000-0xfb8fffff]
Jan 31 10:31:45 cu-cs-vm kernel: [    0.287290] pci 0000:00:15.7:   bridge window [mem 0xe5e00000-0xe5efffff 64bit pref]
Jan 31 10:31:45 cu-cs-vm kernel: [    0.287835] pci 0000:00:16.0: PCI bridge to [bus 0b]
Jan 31 10:31:45 cu-cs-vm kernel: [    0.287940] pci 0000:00:16.0:   bridge window [io  0x5000-0x5fff]
Jan 31 10:31:45 cu-cs-vm kernel: [    0.287984] pci 0000:00:16.0:   bridge window [mem 0xfd300000-0xfd3fffff]
Jan 31 10:31:45 cu-cs-vm kernel: [    0.288032] pci 0000:00:16.0:   bridge window [mem 0xe7900000-0xe79fffff 64bit pref]
Jan 31 10:31:45 cu-cs-vm kernel: [    0.288512] pci 0000:00:16.1: PCI bridge to [bus 0c]
Jan 31 10:31:45 cu-cs-vm kernel: [    0.288594] pci 0000:00:16.1:   bridge window [io  0x9000-0x9fff]
Jan 31 10:31:45 cu-cs-vm kernel: [    0.288623] pci 0000:00:16.1:   bridge window [mem 0xfcf00000-0xfcffffff]
Jan 31 10:31:45 cu-cs-vm kernel: [    0.288674] pci 0000:00:16.1:   bridge window [mem 0xe7500000-0xe75fffff 64bit pref]
Jan 31 10:31:45 cu-cs-vm kernel: [    0.289211] pci 0000:00:16.2: PCI bridge to [bus 0d]
Jan 31 10:31:45 cu-cs-vm kernel: [    0.289293] pci 0000:00:16.2:   bridge window [io  0xd000-0xdfff]
Jan 31 10:31:45 cu-cs-vm kernel: [    0.289317] pci 0000:00:16.2:   bridge window [mem 0xfcb00000-0xfcbfffff]
Jan 31 10:31:45 cu-cs-vm kernel: [    0.289369] pci 0000:00:16.2:   bridge window [mem 0xe7100000-0xe71fffff 64bit pref]
Jan 31 10:31:45 cu-cs-vm kernel: [    0.289789] pci 0000:00:16.3: PCI bridge to [bus 0e]
Jan 31 10:31:45 cu-cs-vm kernel: [    0.289943] pci 0000:00:16.3:   bridge window [mem 0xfc700000-0xfc7fffff]
Jan 31 10:31:45 cu-cs-vm kernel: [    0.290058] pci 0000:00:16.3:   bridge window [mem 0xe6d00000-0xe6dfffff 64bit pref]
Jan 31 10:31:45 cu-cs-vm kernel: [    0.290532] pci 0000:00:16.4: PCI bridge to [bus 0f]
Jan 31 10:31:45 cu-cs-vm kernel: [    0.290640] pci 0000:00:16.4:   bridge window [mem 0xfc300000-0xfc3fffff]
Jan 31 10:31:45 cu-cs-vm kernel: [    0.290692] pci 0000:00:16.4:   bridge window [mem 0xe6900000-0xe69fffff 64bit pref]
Jan 31 10:31:45 cu-cs-vm kernel: [    0.291057] pci 0000:00:16.5: PCI bridge to [bus 10]
Jan 31 10:31:45 cu-cs-vm kernel: [    0.291166] pci 0000:00:16.5:   bridge window [mem 0xfbf00000-0xfbffffff]
Jan 31 10:31:45 cu-cs-vm kernel: [    0.291218] pci 0000:00:16.5:   bridge window [mem 0xe6500000-0xe65fffff 64bit pref]
Jan 31 10:31:45 cu-cs-vm kernel: [    0.291676] pci 0000:00:16.6: PCI bridge to [bus 11]
Jan 31 10:31:45 cu-cs-vm kernel: [    0.292003] pci 0000:00:16.6:   bridge window [mem 0xfbb00000-0xfbbfffff]
Jan 31 10:31:45 cu-cs-vm kernel: [    0.292057] pci 0000:00:16.6:   bridge window [mem 0xe6100000-0xe61fffff 64bit pref]
Jan 31 10:31:45 cu-cs-vm kernel: [    0.292513] pci 0000:00:16.7: PCI bridge to [bus 12]
Jan 31 10:31:45 cu-cs-vm kernel: [    0.292640] pci 0000:00:16.7:   bridge window [mem 0xfb700000-0xfb7fffff]
Jan 31 10:31:45 cu-cs-vm kernel: [    0.292692] pci 0000:00:16.7:   bridge window [mem 0xe5d00000-0xe5dfffff 64bit pref]
Jan 31 10:31:45 cu-cs-vm kernel: [    0.293102] pci 0000:00:17.0: PCI bridge to [bus 13]
Jan 31 10:31:45 cu-cs-vm kernel: [    0.293183] pci 0000:00:17.0:   bridge window [io  0x6000-0x6fff]
Jan 31 10:31:45 cu-cs-vm kernel: [    0.293211] pci 0000:00:17.0:   bridge window [mem 0xfd200000-0xfd2fffff]
Jan 31 10:31:45 cu-cs-vm kernel: [    0.293263] pci 0000:00:17.0:   bridge window [mem 0xe7800000-0xe78fffff 64bit pref]
Jan 31 10:31:45 cu-cs-vm kernel: [    0.293678] pci 0000:00:17.1: PCI bridge to [bus 14]
Jan 31 10:31:45 cu-cs-vm kernel: [    0.293761] pci 0000:00:17.1:   bridge window [io  0xa000-0xafff]
Jan 31 10:31:45 cu-cs-vm kernel: [    0.293787] pci 0000:00:17.1:   bridge window [mem 0xfce00000-0xfcefffff]
Jan 31 10:31:45 cu-cs-vm kernel: [    0.293839] pci 0000:00:17.1:   bridge window [mem 0xe7400000-0xe74fffff 64bit pref]
Jan 31 10:31:45 cu-cs-vm kernel: [    0.294287] pci 0000:00:17.2: PCI bridge to [bus 15]
Jan 31 10:31:45 cu-cs-vm kernel: [    0.294369] pci 0000:00:17.2:   bridge window [io  0xe000-0xefff]
Jan 31 10:31:45 cu-cs-vm kernel: [    0.294398] pci 0000:00:17.2:   bridge window [mem 0xfca00000-0xfcafffff]
Jan 31 10:31:45 cu-cs-vm kernel: [    0.294449] pci 0000:00:17.2:   bridge window [mem 0xe7000000-0xe70fffff 64bit pref]
Jan 31 10:31:45 cu-cs-vm kernel: [    0.294955] pci 0000:00:17.3: PCI bridge to [bus 16]
Jan 31 10:31:45 cu-cs-vm kernel: [    0.295109] pci 0000:00:17.3:   bridge window [mem 0xfc600000-0xfc6fffff]
Jan 31 10:31:45 cu-cs-vm kernel: [    0.295183] pci 0000:00:17.3:   bridge window [mem 0xe6c00000-0xe6cfffff 64bit pref]
Jan 31 10:31:45 cu-cs-vm kernel: [    0.295548] pci 0000:00:17.4: PCI bridge to [bus 17]
Jan 31 10:31:45 cu-cs-vm kernel: [    0.295728] pci 0000:00:17.4:   bridge window [mem 0xfc200000-0xfc2fffff]
Jan 31 10:31:45 cu-cs-vm kernel: [    0.295781] pci 0000:00:17.4:   bridge window [mem 0xe6800000-0xe68fffff 64bit pref]
Jan 31 10:31:45 cu-cs-vm kernel: [    0.296242] pci 0000:00:17.5: PCI bridge to [bus 18]
Jan 31 10:31:45 cu-cs-vm kernel: [    0.296347] pci 0000:00:17.5:   bridge window [mem 0xfbe00000-0xfbefffff]
Jan 31 10:31:45 cu-cs-vm kernel: [    0.296399] pci 0000:00:17.5:   bridge window [mem 0xe6400000-0xe64fffff 64bit pref]
Jan 31 10:31:45 cu-cs-vm kernel: [    0.297222] pci 0000:00:17.6: PCI bridge to [bus 19]
Jan 31 10:31:45 cu-cs-vm kernel: [    0.297331] pci 0000:00:17.6:   bridge window [mem 0xfba00000-0xfbafffff]
Jan 31 10:31:45 cu-cs-vm kernel: [    0.297383] pci 0000:00:17.6:   bridge window [mem 0xe6000000-0xe60fffff 64bit pref]
Jan 31 10:31:45 cu-cs-vm kernel: [    0.297804] pci 0000:00:17.7: PCI bridge to [bus 1a]
Jan 31 10:31:45 cu-cs-vm kernel: [    0.297914] pci 0000:00:17.7:   bridge window [mem 0xfb600000-0xfb6fffff]
Jan 31 10:31:45 cu-cs-vm kernel: [    0.297965] pci 0000:00:17.7:   bridge window [mem 0xe5c00000-0xe5cfffff 64bit pref]
Jan 31 10:31:45 cu-cs-vm kernel: [    0.298333] pci 0000:00:18.0: PCI bridge to [bus 1b]
Jan 31 10:31:45 cu-cs-vm kernel: [    0.298416] pci 0000:00:18.0:   bridge window [io  0x7000-0x7fff]
Jan 31 10:31:45 cu-cs-vm kernel: [    0.298440] pci 0000:00:18.0:   bridge window [mem 0xfd100000-0xfd1fffff]
Jan 31 10:31:45 cu-cs-vm kernel: [    0.298492] pci 0000:00:18.0:   bridge window [mem 0xe7700000-0xe77fffff 64bit pref]
Jan 31 10:31:45 cu-cs-vm kernel: [    0.299024] pci 0000:00:18.1: PCI bridge to [bus 1c]
Jan 31 10:31:45 cu-cs-vm kernel: [    0.299108] pci 0000:00:18.1:   bridge window [io  0xb000-0xbfff]
Jan 31 10:31:45 cu-cs-vm kernel: [    0.299133] pci 0000:00:18.1:   bridge window [mem 0xfcd00000-0xfcdfffff]
Jan 31 10:31:45 cu-cs-vm kernel: [    0.299185] pci 0000:00:18.1:   bridge window [mem 0xe7300000-0xe73fffff 64bit pref]
Jan 31 10:31:45 cu-cs-vm kernel: [    0.299723] pci 0000:00:18.2: PCI bridge to [bus 1d]
Jan 31 10:31:45 cu-cs-vm kernel: [    0.299832] pci 0000:00:18.2:   bridge window [mem 0xfc900000-0xfc9fffff]
Jan 31 10:31:45 cu-cs-vm kernel: [    0.299885] pci 0000:00:18.2:   bridge window [mem 0xe6f00000-0xe6ffffff 64bit pref]
Jan 31 10:31:45 cu-cs-vm kernel: [    0.300306] pci 0000:00:18.3: PCI bridge to [bus 1e]
Jan 31 10:31:45 cu-cs-vm kernel: [    0.300416] pci 0000:00:18.3:   bridge window [mem 0xfc500000-0xfc5fffff]
Jan 31 10:31:45 cu-cs-vm kernel: [    0.300468] pci 0000:00:18.3:   bridge window [mem 0xe6b00000-0xe6bfffff 64bit pref]
Jan 31 10:31:45 cu-cs-vm kernel: [    0.300837] pci 0000:00:18.4: PCI bridge to [bus 1f]
Jan 31 10:31:45 cu-cs-vm kernel: [    0.300943] pci 0000:00:18.4:   bridge window [mem 0xfc100000-0xfc1fffff]
Jan 31 10:31:45 cu-cs-vm kernel: [    0.300996] pci 0000:00:18.4:   bridge window [mem 0xe6700000-0xe67fffff 64bit pref]
Jan 31 10:31:45 cu-cs-vm kernel: [    0.301361] pci 0000:00:18.5: PCI bridge to [bus 20]
Jan 31 10:31:45 cu-cs-vm kernel: [    0.301471] pci 0000:00:18.5:   bridge window [mem 0xfbd00000-0xfbdfffff]
Jan 31 10:31:45 cu-cs-vm kernel: [    0.301523] pci 0000:00:18.5:   bridge window [mem 0xe6300000-0xe63fffff 64bit pref]
Jan 31 10:31:45 cu-cs-vm kernel: [    0.301986] pci 0000:00:18.6: PCI bridge to [bus 21]
Jan 31 10:31:45 cu-cs-vm kernel: [    0.302097] pci 0000:00:18.6:   bridge window [mem 0xfb900000-0xfb9fffff]
Jan 31 10:31:45 cu-cs-vm kernel: [    0.302148] pci 0000:00:18.6:   bridge window [mem 0xe5f00000-0xe5ffffff 64bit pref]
Jan 31 10:31:45 cu-cs-vm kernel: [    0.302549] pci 0000:00:18.7: PCI bridge to [bus 22]
Jan 31 10:31:45 cu-cs-vm kernel: [    0.302660] pci 0000:00:18.7:   bridge window [mem 0xfb500000-0xfb5fffff]
Jan 31 10:31:45 cu-cs-vm kernel: [    0.302716] pci 0000:00:18.7:   bridge window [mem 0xe5b00000-0xe5bfffff 64bit pref]
Jan 31 10:31:45 cu-cs-vm kernel: [    0.306052] ACPI: PCI Interrupt Link [LNKA] (IRQs 3 4 5 6 7 *9 10 11 14 15)
Jan 31 10:31:45 cu-cs-vm kernel: [    0.306239] ACPI: PCI Interrupt Link [LNKB] (IRQs 3 4 5 6 7 9 10 *11 14 15)
Jan 31 10:31:45 cu-cs-vm kernel: [    0.306415] ACPI: PCI Interrupt Link [LNKC] (IRQs 3 4 5 6 7 9 *10 11 14 15)
Jan 31 10:31:45 cu-cs-vm kernel: [    0.306592] ACPI: PCI Interrupt Link [LNKD] (IRQs 3 4 5 6 *7 9 10 11 14 15)
Jan 31 10:31:45 cu-cs-vm kernel: [    0.323042] SCSI subsystem initialized
Jan 31 10:31:45 cu-cs-vm kernel: [    0.323296] libata version 3.00 loaded.
Jan 31 10:31:45 cu-cs-vm kernel: [    0.323296] pci 0000:00:0f.0: vgaarb: setting as boot VGA device
Jan 31 10:31:45 cu-cs-vm kernel: [    0.323296] pci 0000:00:0f.0: vgaarb: VGA device added: decodes=io+mem,owns=io+mem,locks=none
Jan 31 10:31:45 cu-cs-vm kernel: [    0.323296] pci 0000:00:0f.0: vgaarb: bridge control possible
Jan 31 10:31:45 cu-cs-vm kernel: [    0.323296] vgaarb: loaded
Jan 31 10:31:45 cu-cs-vm kernel: [    0.323296] ACPI: bus type USB registered
Jan 31 10:31:45 cu-cs-vm kernel: [    0.323296] usbcore: registered new interface driver usbfs
Jan 31 10:31:45 cu-cs-vm kernel: [    0.323296] usbcore: registered new interface driver hub
Jan 31 10:31:45 cu-cs-vm kernel: [    0.324050] usbcore: registered new device driver usb
Jan 31 10:31:45 cu-cs-vm kernel: [    0.324640] EDAC MC: Ver: 3.0.0
Jan 31 10:31:45 cu-cs-vm kernel: [    0.325992] PCI: Using ACPI for IRQ routing
Jan 31 10:31:45 cu-cs-vm kernel: [    0.330905] PCI: pci_cache_line_size set to 64 bytes
Jan 31 10:31:45 cu-cs-vm kernel: [    0.332204] e820: reserve RAM buffer [mem 0x0009e800-0x0009ffff]
Jan 31 10:31:45 cu-cs-vm kernel: [    0.332205] e820: reserve RAM buffer [mem 0x7fee0000-0x7fffffff]
Jan 31 10:31:45 cu-cs-vm kernel: [    0.332435] NetLabel: Initializing
Jan 31 10:31:45 cu-cs-vm kernel: [    0.332479] NetLabel:  domain hash size = 128
Jan 31 10:31:45 cu-cs-vm kernel: [    0.332527] NetLabel:  protocols = UNLABELED CIPSOv4 CALIPSO
Jan 31 10:31:45 cu-cs-vm kernel: [    0.332593] NetLabel:  unlabeled traffic allowed by default
Jan 31 10:31:45 cu-cs-vm kernel: [    0.336522] clocksource: Switched to clocksource refined-jiffies
Jan 31 10:31:45 cu-cs-vm kernel: [    0.391927] VFS: Disk quotas dquot_6.6.0
Jan 31 10:31:45 cu-cs-vm kernel: [    0.392046] VFS: Dquot-cache hash table entries: 512 (order 0, 4096 bytes)
Jan 31 10:31:45 cu-cs-vm kernel: [    0.392641] AppArmor: AppArmor Filesystem Enabled
Jan 31 10:31:45 cu-cs-vm kernel: [    0.392714] pnp: PnP ACPI init
Jan 31 10:31:45 cu-cs-vm kernel: [    0.392994] system 00:00: [io  0x1000-0x103f] has been reserved
Jan 31 10:31:45 cu-cs-vm kernel: [    0.393059] system 00:00: [io  0x1040-0x104f] has been reserved
Jan 31 10:31:45 cu-cs-vm kernel: [    0.393121] system 00:00: [io  0x0cf0-0x0cf1] has been reserved
Jan 31 10:31:45 cu-cs-vm kernel: [    0.393185] system 00:00: Plug and Play ACPI device, IDs PNP0c02 (active)
Jan 31 10:31:45 cu-cs-vm kernel: [    0.393205] pnp 00:01: Plug and Play ACPI device, IDs PNP0b00 (active)
Jan 31 10:31:45 cu-cs-vm kernel: [    0.393217] pnp 00:02: Plug and Play ACPI device, IDs PNP0303 (active)
Jan 31 10:31:45 cu-cs-vm kernel: [    0.393284] pnp 00:03: Plug and Play ACPI device, IDs VMW0003 PNP0f13 (active)
Jan 31 10:31:45 cu-cs-vm kernel: [    0.395522] system 00:04: [io  0xfce0-0xfcff] has been reserved
Jan 31 10:31:45 cu-cs-vm kernel: [    0.395587] system 00:04: [mem 0xf0000000-0xf7ffffff] has been reserved
Jan 31 10:31:45 cu-cs-vm kernel: [    0.395655] system 00:04: [mem 0xfe800000-0xfe9fffff] has been reserved
Jan 31 10:31:45 cu-cs-vm kernel: [    0.395724] system 00:04: Plug and Play ACPI device, IDs PNP0c02 (active)
Jan 31 10:31:45 cu-cs-vm kernel: [    0.402422] pnp: PnP ACPI: found 5 devices
Jan 31 10:31:45 cu-cs-vm kernel: [    0.414782] clocksource: acpi_pm: mask: 0xffffff max_cycles: 0xffffff, max_idle_ns: 2085701024 ns
Jan 31 10:31:45 cu-cs-vm kernel: [    0.414910] clocksource: Switched to clocksource acpi_pm
Jan 31 10:31:45 cu-cs-vm kernel: [    0.415377] pci 0000:00:15.3: bridge window [io  0x1000-0x0fff] to [bus 06] add_size 1000
Jan 31 10:31:45 cu-cs-vm kernel: [    0.415451] pci 0000:00:15.4: bridge window [io  0x1000-0x0fff] to [bus 07] add_size 1000
Jan 31 10:31:45 cu-cs-vm kernel: [    0.415528] pci 0000:00:15.5: bridge window [io  0x1000-0x0fff] to [bus 08] add_size 1000
Jan 31 10:31:45 cu-cs-vm kernel: [    0.415601] pci 0000:00:15.6: bridge window [io  0x1000-0x0fff] to [bus 09] add_size 1000
Jan 31 10:31:45 cu-cs-vm kernel: [    0.415678] pci 0000:00:15.7: bridge window [io  0x1000-0x0fff] to [bus 0a] add_size 1000
Jan 31 10:31:45 cu-cs-vm kernel: [    0.415972] pci 0000:00:16.3: bridge window [io  0x1000-0x0fff] to [bus 0e] add_size 1000
Jan 31 10:31:45 cu-cs-vm kernel: [    0.415972] pci 0000:00:16.4: bridge window [io  0x1000-0x0fff] to [bus 0f] add_size 1000
Jan 31 10:31:45 cu-cs-vm kernel: [    0.415972] pci 0000:00:16.5: bridge window [io  0x1000-0x0fff] to [bus 10] add_size 1000
Jan 31 10:31:45 cu-cs-vm kernel: [    0.415972] pci 0000:00:16.6: bridge window [io  0x1000-0x0fff] to [bus 11] add_size 1000
Jan 31 10:31:45 cu-cs-vm kernel: [    0.415972] pci 0000:00:16.7: bridge window [io  0x1000-0x0fff] to [bus 12] add_size 1000
Jan 31 10:31:45 cu-cs-vm kernel: [    0.415972] pci 0000:00:17.3: bridge window [io  0x1000-0x0fff] to [bus 16] add_size 1000
Jan 31 10:31:45 cu-cs-vm kernel: [    0.415972] pci 0000:00:17.4: bridge window [io  0x1000-0x0fff] to [bus 17] add_size 1000
Jan 31 10:31:45 cu-cs-vm kernel: [    0.415972] pci 0000:00:17.5: bridge window [io  0x1000-0x0fff] to [bus 18] add_size 1000
Jan 31 10:31:45 cu-cs-vm kernel: [    0.415972] pci 0000:00:17.6: bridge window [io  0x1000-0x0fff] to [bus 19] add_size 1000
Jan 31 10:31:45 cu-cs-vm kernel: [    0.415972] pci 0000:00:17.7: bridge window [io  0x1000-0x0fff] to [bus 1a] add_size 1000
Jan 31 10:31:45 cu-cs-vm kernel: [    0.415972] pci 0000:00:18.2: bridge window [io  0x1000-0x0fff] to [bus 1d] add_size 1000
Jan 31 10:31:45 cu-cs-vm kernel: [    0.415972] pci 0000:00:18.3: bridge window [io  0x1000-0x0fff] to [bus 1e] add_size 1000
Jan 31 10:31:45 cu-cs-vm kernel: [    0.415972] pci 0000:00:18.4: bridge window [io  0x1000-0x0fff] to [bus 1f] add_size 1000
Jan 31 10:31:45 cu-cs-vm kernel: [    0.415972] pci 0000:00:18.5: bridge window [io  0x1000-0x0fff] to [bus 20] add_size 1000
Jan 31 10:31:45 cu-cs-vm kernel: [    0.415972] pci 0000:00:18.6: bridge window [io  0x1000-0x0fff] to [bus 21] add_size 1000
Jan 31 10:31:45 cu-cs-vm kernel: [    0.415972] pci 0000:00:18.7: bridge window [io  0x1000-0x0fff] to [bus 22] add_size 1000
Jan 31 10:31:45 cu-cs-vm kernel: [    0.415972] pci 0000:00:0f.0: BAR 6: assigned [mem 0xc0000000-0xc0007fff pref]
Jan 31 10:31:45 cu-cs-vm kernel: [    0.415972] pci 0000:00:10.0: BAR 6: assigned [mem 0xc0008000-0xc000bfff pref]
Jan 31 10:31:45 cu-cs-vm kernel: [    0.415972] pci 0000:00:15.3: BAR 13: no space for [io  size 0x1000]
Jan 31 10:31:45 cu-cs-vm kernel: [    0.415972] pci 0000:00:15.3: BAR 13: failed to assign [io  size 0x1000]
Jan 31 10:31:45 cu-cs-vm kernel: [    0.415972] pci 0000:00:15.4: BAR 13: no space for [io  size 0x1000]
Jan 31 10:31:45 cu-cs-vm kernel: [    0.415972] pci 0000:00:15.4: BAR 13: failed to assign [io  size 0x1000]
Jan 31 10:31:45 cu-cs-vm kernel: [    0.415972] pci 0000:00:15.5: BAR 13: no space for [io  size 0x1000]
Jan 31 10:31:45 cu-cs-vm kernel: [    0.415972] pci 0000:00:15.5: BAR 13: failed to assign [io  size 0x1000]
Jan 31 10:31:45 cu-cs-vm kernel: [    0.415972] pci 0000:00:15.6: BAR 13: no space for [io  size 0x1000]
Jan 31 10:31:45 cu-cs-vm kernel: [    0.415972] pci 0000:00:15.6: BAR 13: failed to assign [io  size 0x1000]
Jan 31 10:31:45 cu-cs-vm kernel: [    0.415972] pci 0000:00:15.7: BAR 13: no space for [io  size 0x1000]
Jan 31 10:31:45 cu-cs-vm kernel: [    0.415972] pci 0000:00:15.7: BAR 13: failed to assign [io  size 0x1000]
Jan 31 10:31:45 cu-cs-vm kernel: [    0.415972] pci 0000:00:16.3: BAR 13: no space for [io  size 0x1000]
Jan 31 10:31:45 cu-cs-vm kernel: [    0.415972] pci 0000:00:16.3: BAR 13: failed to assign [io  size 0x1000]
Jan 31 10:31:45 cu-cs-vm kernel: [    0.415972] pci 0000:00:16.4: BAR 13: no space for [io  size 0x1000]
